Total messages: 4 (Errors: 0, Warnings: 1)
Returning 11 messages for level "info"

[INFO] %cDownload the React DevTools for a better development experience: https://react.dev/link/react-devtools font-weight:bold @ http://localhost:3000/node_modules/.vite/deps/react-dom_client.js?v=e30240b8:20102
[ERROR] Failed to load resource: the server responded with a status of 404 (Not Found) @ http://localhost:3000/favicon.ico:0
[WARNING] You have set a custom wheel sensitivity.  This will make your app zoom unnaturally when using mainstream mice.  You should change this value from the default only if you can guarantee that all your users will use the same hardware and OS configuration as your current machine. @ http://localhost:3000/node_modules/.vite/deps/cytoscape.js?v=e30240b8:1091
[WARNING] [React Flow]: It looks like you've created a new nodeTypes or edgeTypes object. If this wasn't on purpose please define the nodeTypes/edgeTypes outside of the component or memoize them. Help: https://reactflow.dev/error#002 @ http://localhost:3000/node_modules/.vite/deps/@xyflow_react.js?v=e30240b8:3915
[INFO] %cDownload the React DevTools for a better development experience: https://react.dev/link/react-devtools font-weight:bold @ http://localhost:3000/node_modules/.vite/deps/react-dom_client.js?v=e30240b8:20102
[WARNING] You have set a custom wheel sensitivity.  This will make your app zoom unnaturally when using mainstream mice.  You should change this value from the default only if you can guarantee that all your users will use the same hardware and OS configuration as your current machine. @ http://localhost:3000/node_modules/.vite/deps/cytoscape.js?v=e30240b8:1091
[WARNING] [React Flow]: It looks like you've created a new nodeTypes or edgeTypes object. If this wasn't on purpose please define the nodeTypes/edgeTypes outside of the component or memoize them. Help: https://reactflow.dev/error#002 @ http://localhost:3000/node_modules/.vite/deps/@xyflow_react.js?v=e30240b8:3915
[WARNING] [React Flow]: It looks like you've created a new nodeTypes or edgeTypes object. If this wasn't on purpose please define the nodeTypes/edgeTypes outside of the component or memoize them. Help: https://reactflow.dev/error#002 @ http://localhost:3000/node_modules/.vite/deps/@xyflow_react.js?v=e30240b8:3915
[INFO] %cDownload the React DevTools for a better development experience: https://react.dev/link/react-devtools font-weight:bold @ http://localhost:3000/node_modules/.vite/deps/react-dom_client.js?v=e30240b8:20102
[WARNING] You have set a custom wheel sensitivity.  This will make your app zoom unnaturally when using mainstream mice.  You should change this value from the default only if you can guarantee that all your users will use the same hardware and OS configuration as your current machine. @ http://localhost:3000/node_modules/.vite/deps/cytoscape.js?v=e30240b8:1091
TypeError: Cannot read properties of null (reading 'document')
    at nodrag_default (http://localhost:3000/node_modules/.vite/deps/@xyflow_react.js?v=e30240b8:1117:20)
    at HTMLDivElement.mousedowned (http://localhost:3000/node_modules/.vite/deps/@xyflow_react.js?v=e30240b8:1199:5)
    at HTMLDivElement.<anonymous> (http://localhost:3000/node_modules/.vite/deps/@xyflow_react.js?v=e30240b8:899:14)
    at eval (eval at <anonymous> (eval at evaluate (:302:30)), <anonymous>:1:344)
    at eval (eval at evaluate (:302:30), <anonymous>:4:50)
    at UtilityScript.evaluate (<anonymous>:304:16)
    at UtilityScript.<anonymous> (<anonymous>:1:44)