[     176ms] [INFO] %cDownload the React DevTools for a better development experience: https://react.dev/link/react-devtools font-weight:bold @ http://localhost:3000/node_modules/.vite/deps/react-dom_client.js?v=1c3da450:20102
[     242ms] [LOG] [KnowledgeGraphView] linkMode state changed to: false @ http://localhost:3000/src/components/KnowledgeGraphView.tsx:79
[     244ms] [LOG] [KnowledgeGraphView] linkMode state changed to: false @ http://localhost:3000/src/components/KnowledgeGraphView.tsx:79
[     248ms] [LOG] [KnowledgeGraph] linkMode changed: false linkSource: null @ http://localhost:3000/src/components/KnowledgeGraph.tsx:402
[     248ms] [LOG] [KnowledgeGraph] linkMode changed: false linkSource: null @ http://localhost:3000/src/components/KnowledgeGraph.tsx:402
[     260ms] [ERROR] Failed to load resource: the server responded with a status of 404 (Not Found) @ http://localhost:3000/favicon.ico:0
[    7359ms] [LOG] Toolbar: switching to knowledge-graph @ http://localhost:3000/src/components/Toolbar.tsx:19
[   19571ms] [LOG] [Toolbar] handleLinkModeToggle called @ http://localhost:3000/src/components/Toolbar.tsx:23
[   19571ms] [LOG] [Toolbar] is currently active: false @ http://localhost:3000/src/components/Toolbar.tsx:25
[   19571ms] [LOG] [KnowledgeGraphView] toggle-link-mode received, setting linkMode to true @ http://localhost:3000/src/components/KnowledgeGraphView.tsx:63
[   19575ms] [LOG] [KnowledgeGraphView] linkMode state changed to: true @ http://localhost:3000/src/components/KnowledgeGraphView.tsx:79
[   70057ms] [LOG] [vite] server connection lost. Polling for restart... @ http://localhost:3000/@vite/client:963
[   70058ms] [ERROR] WebSocket connection to 'ws://localhost:3000/' failed: Error in connection establishment: net::ERR_CONNECTION_REFUSED @ http://localhost:3000/@vite/client:1034
[   71060ms] [ERROR] WebSocket connection to 'ws://localhost:3000/' failed: Error in connection establishment: net::ERR_CONNECTION_REFUSED @ http://localhost:3000/@vite/client:1034
[   72062ms] [ERROR] WebSocket connection to 'ws://localhost:3000/' failed: Error in connection establishment: net::ERR_CONNECTION_REFUSED @ http://localhost:3000/@vite/client:1034
[   74034ms] [INFO] %cDownload the React DevTools for a better development experience: https://react.dev/link/react-devtools font-weight:bold @ http://localhost:3000/node_modules/.vite/deps/react-dom_client.js?v=1c3da450:20102
[   74069ms] [LOG] [KnowledgeGraphView] linkMode state changed to: false @ http://localhost:3000/src/components/KnowledgeGraphView.tsx:79
[   74069ms] [LOG] [KnowledgeGraphView] linkMode state changed to: false @ http://localhost:3000/src/components/KnowledgeGraphView.tsx:79
[   74073ms] [LOG] [KnowledgeGraph] linkMode changed: false linkSource: null isReady: false @ http://localhost:3000/src/components/KnowledgeGraph.tsx:402
[   74073ms] [LOG] [KnowledgeGraph] linkMode changed: false linkSource: null isReady: false @ http://localhost:3000/src/components/KnowledgeGraph.tsx:402
