[     220ms] [INFO] %cDownload the React DevTools for a better development experience: https://react.dev/link/react-devtools font-weight:bold @ http://localhost:3000/node_modules/.vite/deps/react-dom_client.js?v=1c3da450:20102
[     314ms] [LOG] [KnowledgeGraphView] Setting up link mode event listeners @ http://localhost:3000/src/components/KnowledgeGraphView.tsx:62
[     316ms] [LOG] [KnowledgeGraphView] Setting up link mode event listeners @ http://localhost:3000/src/components/KnowledgeGraphView.tsx:62
[     321ms] [LOG] [KnowledgeGraph] linkMode changed: false linkSource: null @ http://localhost:3000/src/components/KnowledgeGraph.tsx:402
[     321ms] [LOG] [KnowledgeGraph] linkMode changed: false linkSource: null @ http://localhost:3000/src/components/KnowledgeGraph.tsx:402
[     335ms] [ERROR] Failed to load resource: the server responded with a status of 404 (Not Found) @ http://localhost:3000/favicon.ico:0
[    6936ms] [LOG] Toolbar: switching to knowledge-graph @ http://localhost:3000/src/components/Toolbar.tsx:19
[   19034ms] [LOG] [Toolbar] handleLinkModeToggle called @ http://localhost:3000/src/components/Toolbar.tsx:23
[   19034ms] [LOG] [Toolbar] is currently active: false @ http://localhost:3000/src/components/Toolbar.tsx:25
[   19035ms] [LOG] [KnowledgeGraphView] toggle-link-mode received @ http://localhost:3000/src/components/KnowledgeGraphView.tsx:64
[   36905ms] ReferenceError: toggleHandler is not defined
    at KnowledgeGraphView (http://localhost:3000/src/components/KnowledgeGraphView.tsx?t=1777594198103:66:7)
    at Object.react_stack_bottom_frame (http://localhost:3000/node_modules/.vite/deps/react-dom_client.js?v=1c3da450:18509:20)
    at renderWithHooks (http://localhost:3000/node_modules/.vite/deps/react-dom_client.js?v=1c3da450:5654:24)
    at updateFunctionComponent (http://localhost:3000/node_modules/.vite/deps/react-dom_client.js?v=1c3da450:7475:21)
    at beginWork (http://localhost:3000/node_modules/.vite/deps/react-dom_client.js?v=1c3da450:8525:20)
    at runWithFiberInDEV (http://localhost:3000/node_modules/.vite/deps/react-dom_client.js?v=1c3da450:997:72)
    at performUnitOfWork (http://localhost:3000/node_modules/.vite/deps/react-dom_client.js?v=1c3da450:12561:98)
    at workLoopSync (http://localhost:3000/node_modules/.vite/deps/react-dom_client.js?v=1c3da450:12424:43)
    at renderRootSync (http://localhost:3000/node_modules/.vite/deps/react-dom_client.js?v=1c3da450:12408:13)
    at performWorkOnRoot (http://localhost:3000/node_modules/.vite/deps/react-dom_client.js?v=1c3da450:11827:37)
[   36905ms] [WARNING] %s

%s
 An error occurred in the <KnowledgeGraphView> component. Consider adding an error boundary to your tree to customize error handling behavior.
Visit https://react.dev/link/error-boundaries to learn more about error boundaries. @ http://localhost:3000/node_modules/.vite/deps/react-dom_client.js?v=1c3da450:6965
[   43098ms] [LOG] [KnowledgeGraphView] toggle-link-mode received, setting linkMode to true @ http://localhost:3000/src/components/KnowledgeGraphView.tsx?t=1777594204521:62
[   43098ms] [LOG] [KnowledgeGraphView] exit-link-mode received, setting linkMode to false @ http://localhost:3000/src/components/KnowledgeGraphView.tsx?t=1777594204521:66
[   43098ms] [LOG] [KnowledgeGraphView] linkMode state now: false @ http://localhost:3000/src/components/KnowledgeGraphView.tsx?t=1777594204521:71
[   43101ms] [LOG] [KnowledgeGraphView] toggle-link-mode received, setting linkMode to true @ http://localhost:3000/src/components/KnowledgeGraphView.tsx?t=1777594204521:62
[   43102ms] [LOG] [KnowledgeGraphView] exit-link-mode received, setting linkMode to false @ http://localhost:3000/src/components/KnowledgeGraphView.tsx?t=1777594204521:66
[   43102ms] [LOG] [KnowledgeGraphView] linkMode state now: false @ http://localhost:3000/src/components/KnowledgeGraphView.tsx?t=1777594204521:71
[   43104ms] [LOG] [KnowledgeGraph] linkMode changed: false linkSource: null @ http://localhost:3000/src/components/KnowledgeGraph.tsx:402
[   43104ms] [LOG] [KnowledgeGraph] linkMode changed: false linkSource: null @ http://localhost:3000/src/components/KnowledgeGraph.tsx:402
[   51305ms] [LOG] [KnowledgeGraphView] linkMode state changed to: false @ http://localhost:3000/src/components/KnowledgeGraphView.tsx?t=1777594212739:79
[   51308ms] [LOG] [KnowledgeGraph] linkMode changed: false linkSource: null @ http://localhost:3000/src/components/KnowledgeGraph.tsx:402
[   51308ms] [LOG] [KnowledgeGraph] linkMode changed: false linkSource: null @ http://localhost:3000/src/components/KnowledgeGraph.tsx:402
[   69898ms] [LOG] [vite] server connection lost. Polling for restart... @ http://localhost:3000/@vite/client:963
[   69899ms] [ERROR] WebSocket connection to 'ws://localhost:3000/' failed: Error in connection establishment: net::ERR_CONNECTION_REFUSED @ http://localhost:3000/@vite/client:1034
[   70901ms] [ERROR] WebSocket connection to 'ws://localhost:3000/' failed: Error in connection establishment: net::ERR_CONNECTION_REFUSED @ http://localhost:3000/@vite/client:1034
[   71903ms] [ERROR] WebSocket connection to 'ws://localhost:3000/' failed: Error in connection establishment: net::ERR_CONNECTION_REFUSED @ http://localhost:3000/@vite/client:1034
[   73925ms] [INFO] %cDownload the React DevTools for a better development experience: https://react.dev/link/react-devtools font-weight:bold @ http://localhost:3000/node_modules/.vite/deps/react-dom_client.js?v=1c3da450:20102
[   73962ms] [LOG] [KnowledgeGraphView] linkMode state changed to: false @ http://localhost:3000/src/components/KnowledgeGraphView.tsx:79
[   73963ms] [LOG] [KnowledgeGraphView] linkMode state changed to: false @ http://localhost:3000/src/components/KnowledgeGraphView.tsx:79
[   73966ms] [LOG] [KnowledgeGraph] linkMode changed: false linkSource: null @ http://localhost:3000/src/components/KnowledgeGraph.tsx:402
[   73966ms] [LOG] [KnowledgeGraph] linkMode changed: false linkSource: null @ http://localhost:3000/src/components/KnowledgeGraph.tsx:402
