[     191ms] [INFO] %cDownload the React DevTools for a better development experience: https://react.dev/link/react-devtools font-weight:bold @ http://localhost:3000/node_modules/.vite/deps/react-dom_client.js?v=207e1035:20102
[     285ms] [ERROR] Failed to load resource: the server responded with a status of 404 (Not Found) @ http://localhost:3000/favicon.ico:0
[     584ms] [WARNING] You have set a custom wheel sensitivity.  This will make your app zoom unnaturally when using mainstream mice.  You should change this value from the default only if you can guarantee that all your users will use the same hardware and OS configuration as your current machine. @ http://localhost:3000/node_modules/.vite/deps/cytoscape.js?v=8c26249f:1091
[  192079ms] [LOG] DocumentViewer received: 29 Weights Loading - 权重加载 content length: 48 @ http://localhost:3000/src/components/DocumentViewer.tsx:15
[  192094ms] [LOG] DocumentViewer received: 29 Weights Loading - 权重加载 content length: 48 @ http://localhost:3000/src/components/DocumentViewer.tsx:15
[  223288ms] Error: Rendered fewer hooks than expected. This may be caused by an accidental early return statement.
    at finishRenderingHooks (http://localhost:3000/node_modules/.vite/deps/react-dom_client.js?v=207e1035:5697:17)
    at renderWithHooks (http://localhost:3000/node_modules/.vite/deps/react-dom_client.js?v=207e1035:5675:9)
    at updateFunctionComponent (http://localhost:3000/node_modules/.vite/deps/react-dom_client.js?v=207e1035:7475:21)
    at beginWork (http://localhost:3000/node_modules/.vite/deps/react-dom_client.js?v=207e1035:8525:20)
    at runWithFiberInDEV (http://localhost:3000/node_modules/.vite/deps/react-dom_client.js?v=207e1035:997:72)
    at performUnitOfWork (http://localhost:3000/node_modules/.vite/deps/react-dom_client.js?v=207e1035:12561:98)
    at workLoopSync (http://localhost:3000/node_modules/.vite/deps/react-dom_client.js?v=207e1035:12424:43)
    at renderRootSync (http://localhost:3000/node_modules/.vite/deps/react-dom_client.js?v=207e1035:12408:13)
    at performWorkOnRoot (http://localhost:3000/node_modules/.vite/deps/react-dom_client.js?v=207e1035:11827:37)
    at performSyncWorkOnRoot (http://localhost:3000/node_modules/.vite/deps/react-dom_client.js?v=207e1035:13517:9)
[  223288ms] [WARNING] %s

%s
 An error occurred in the <ProcessCanvas> component. Consider adding an error boundary to your tree to customize error handling behavior.
Visit https://react.dev/link/error-boundaries to learn more about error boundaries. @ http://localhost:3000/node_modules/.vite/deps/react-dom_client.js?v=207e1035:6965
