[     202ms] [INFO] %cDownload the React DevTools for a better development experience: https://react.dev/link/react-devtools font-weight:bold @ http://localhost:3001/node_modules/.vite/deps/react-dom_client.js?v=91e1b3db:20102
[     594ms] [WARNING] You have set a custom wheel sensitivity.  This will make your app zoom unnaturally when using mainstream mice.  You should change this value from the default only if you can guarantee that all your users will use the same hardware and OS configuration as your current machine. @ http://localhost:3001/node_modules/.vite/deps/cytoscape.js?v=91e1b3db:1091
[     810ms] ReferenceError: handleZoomIn is not defined
    at KnowledgeGraph (http://localhost:3001/src/components/KnowledgeGraph.tsx:348:20)
    at Object.react_stack_bottom_frame (http://localhost:3001/node_modules/.vite/deps/react-dom_client.js?v=91e1b3db:18509:20)
    at renderWithHooks (http://localhost:3001/node_modules/.vite/deps/react-dom_client.js?v=91e1b3db:5654:24)
    at updateFunctionComponent (http://localhost:3001/node_modules/.vite/deps/react-dom_client.js?v=91e1b3db:7475:21)
    at beginWork (http://localhost:3001/node_modules/.vite/deps/react-dom_client.js?v=91e1b3db:8525:20)
    at runWithFiberInDEV (http://localhost:3001/node_modules/.vite/deps/react-dom_client.js?v=91e1b3db:997:72)
    at performUnitOfWork (http://localhost:3001/node_modules/.vite/deps/react-dom_client.js?v=91e1b3db:12561:98)
    at workLoopSync (http://localhost:3001/node_modules/.vite/deps/react-dom_client.js?v=91e1b3db:12424:43)
    at renderRootSync (http://localhost:3001/node_modules/.vite/deps/react-dom_client.js?v=91e1b3db:12408:13)
    at performWorkOnRoot (http://localhost:3001/node_modules/.vite/deps/react-dom_client.js?v=91e1b3db:11827:37)
[     804ms] [WARNING] %s

%s
 An error occurred in the <KnowledgeGraph> component. Consider adding an error boundary to your tree to customize error handling behavior.
Visit https://react.dev/link/error-boundaries to learn more about error boundaries. @ http://localhost:3001/node_modules/.vite/deps/react-dom_client.js?v=91e1b3db:6965
[   59024ms] [INFO] %cDownload the React DevTools for a better development experience: https://react.dev/link/react-devtools font-weight:bold @ http://localhost:3001/node_modules/.vite/deps/react-dom_client.js?v=91e1b3db:20102
[   59367ms] [WARNING] You have set a custom wheel sensitivity.  This will make your app zoom unnaturally when using mainstream mice.  You should change this value from the default only if you can guarantee that all your users will use the same hardware and OS configuration as your current machine. @ http://localhost:3001/node_modules/.vite/deps/cytoscape.js?v=91e1b3db:1091
[   59589ms] ReferenceError: handleZoomIn is not defined
    at KnowledgeGraph (http://localhost:3001/src/components/KnowledgeGraph.tsx:348:20)
    at Object.react_stack_bottom_frame (http://localhost:3001/node_modules/.vite/deps/react-dom_client.js?v=91e1b3db:18509:20)
    at renderWithHooks (http://localhost:3001/node_modules/.vite/deps/react-dom_client.js?v=91e1b3db:5654:24)
    at updateFunctionComponent (http://localhost:3001/node_modules/.vite/deps/react-dom_client.js?v=91e1b3db:7475:21)
    at beginWork (http://localhost:3001/node_modules/.vite/deps/react-dom_client.js?v=91e1b3db:8525:20)
    at runWithFiberInDEV (http://localhost:3001/node_modules/.vite/deps/react-dom_client.js?v=91e1b3db:997:72)
    at performUnitOfWork (http://localhost:3001/node_modules/.vite/deps/react-dom_client.js?v=91e1b3db:12561:98)
    at workLoopSync (http://localhost:3001/node_modules/.vite/deps/react-dom_client.js?v=91e1b3db:12424:43)
    at renderRootSync (http://localhost:3001/node_modules/.vite/deps/react-dom_client.js?v=91e1b3db:12408:13)
    at performWorkOnRoot (http://localhost:3001/node_modules/.vite/deps/react-dom_client.js?v=91e1b3db:11827:37)
[   59585ms] [WARNING] %s

%s
 An error occurred in the <KnowledgeGraph> component. Consider adding an error boundary to your tree to customize error handling behavior.
Visit https://react.dev/link/error-boundaries to learn more about error boundaries. @ http://localhost:3001/node_modules/.vite/deps/react-dom_client.js?v=91e1b3db:6965
[   93221ms] [INFO] %cDownload the React DevTools for a better development experience: https://react.dev/link/react-devtools font-weight:bold @ http://localhost:3001/node_modules/.vite/deps/react-dom_client.js?v=91e1b3db:20102
[   93598ms] [WARNING] You have set a custom wheel sensitivity.  This will make your app zoom unnaturally when using mainstream mice.  You should change this value from the default only if you can guarantee that all your users will use the same hardware and OS configuration as your current machine. @ http://localhost:3001/node_modules/.vite/deps/cytoscape.js?v=91e1b3db:1091
[   93826ms] ReferenceError: handleZoomIn is not defined
    at KnowledgeGraph (http://localhost:3001/src/components/KnowledgeGraph.tsx:348:20)
    at Object.react_stack_bottom_frame (http://localhost:3001/node_modules/.vite/deps/react-dom_client.js?v=91e1b3db:18509:20)
    at renderWithHooks (http://localhost:3001/node_modules/.vite/deps/react-dom_client.js?v=91e1b3db:5654:24)
    at updateFunctionComponent (http://localhost:3001/node_modules/.vite/deps/react-dom_client.js?v=91e1b3db:7475:21)
    at beginWork (http://localhost:3001/node_modules/.vite/deps/react-dom_client.js?v=91e1b3db:8525:20)
    at runWithFiberInDEV (http://localhost:3001/node_modules/.vite/deps/react-dom_client.js?v=91e1b3db:997:72)
    at performUnitOfWork (http://localhost:3001/node_modules/.vite/deps/react-dom_client.js?v=91e1b3db:12561:98)
    at workLoopSync (http://localhost:3001/node_modules/.vite/deps/react-dom_client.js?v=91e1b3db:12424:43)
    at renderRootSync (http://localhost:3001/node_modules/.vite/deps/react-dom_client.js?v=91e1b3db:12408:13)
    at performWorkOnRoot (http://localhost:3001/node_modules/.vite/deps/react-dom_client.js?v=91e1b3db:11827:37)
[   93824ms] [WARNING] %s

%s
 An error occurred in the <KnowledgeGraph> component. Consider adding an error boundary to your tree to customize error handling behavior.
Visit https://react.dev/link/error-boundaries to learn more about error boundaries. @ http://localhost:3001/node_modules/.vite/deps/react-dom_client.js?v=91e1b3db:6965
[  208431ms] [INFO] %cDownload the React DevTools for a better development experience: https://react.dev/link/react-devtools font-weight:bold @ http://localhost:3001/node_modules/.vite/deps/react-dom_client.js?v=91e1b3db:20102
[  208789ms] [WARNING] You have set a custom wheel sensitivity.  This will make your app zoom unnaturally when using mainstream mice.  You should change this value from the default only if you can guarantee that all your users will use the same hardware and OS configuration as your current machine. @ http://localhost:3001/node_modules/.vite/deps/cytoscape.js?v=91e1b3db:1091
[  209007ms] ReferenceError: handleZoomIn is not defined
    at KnowledgeGraph (http://localhost:3001/src/components/KnowledgeGraph.tsx:348:20)
    at Object.react_stack_bottom_frame (http://localhost:3001/node_modules/.vite/deps/react-dom_client.js?v=91e1b3db:18509:20)
    at renderWithHooks (http://localhost:3001/node_modules/.vite/deps/react-dom_client.js?v=91e1b3db:5654:24)
    at updateFunctionComponent (http://localhost:3001/node_modules/.vite/deps/react-dom_client.js?v=91e1b3db:7475:21)
    at beginWork (http://localhost:3001/node_modules/.vite/deps/react-dom_client.js?v=91e1b3db:8525:20)
    at runWithFiberInDEV (http://localhost:3001/node_modules/.vite/deps/react-dom_client.js?v=91e1b3db:997:72)
    at performUnitOfWork (http://localhost:3001/node_modules/.vite/deps/react-dom_client.js?v=91e1b3db:12561:98)
    at workLoopSync (http://localhost:3001/node_modules/.vite/deps/react-dom_client.js?v=91e1b3db:12424:43)
    at renderRootSync (http://localhost:3001/node_modules/.vite/deps/react-dom_client.js?v=91e1b3db:12408:13)
    at performWorkOnRoot (http://localhost:3001/node_modules/.vite/deps/react-dom_client.js?v=91e1b3db:11827:37)
[  209005ms] [WARNING] %s

%s
 An error occurred in the <KnowledgeGraph> component. Consider adding an error boundary to your tree to customize error handling behavior.
Visit https://react.dev/link/error-boundaries to learn more about error boundaries. @ http://localhost:3001/node_modules/.vite/deps/react-dom_client.js?v=91e1b3db:6965
[  292597ms] [WARNING] You have set a custom wheel sensitivity.  This will make your app zoom unnaturally when using mainstream mice.  You should change this value from the default only if you can guarantee that all your users will use the same hardware and OS configuration as your current machine. @ http://localhost:3001/node_modules/.vite/deps/cytoscape.js?v=91e1b3db:1091
[  292755ms] TypeError: Cannot read properties of null (reading 'isHeadless')
    at Core2.headless (http://localhost:3001/node_modules/.vite/deps/cytoscape.js?v=91e1b3db:16795:35)
    at boundingBoxImpl2 (http://localhost:3001/node_modules/.vite/deps/cytoscape.js?v=91e1b3db:9141:22)
    at cachedBoundingBoxImpl2 (http://localhost:3001/node_modules/.vite/deps/cytoscape.js?v=91e1b3db:9379:10)
    at elesfn$b.boundingBox (http://localhost:3001/node_modules/.vite/deps/cytoscape.js?v=91e1b3db:9463:36)
    at Layout2.run (http://localhost:3001/node_modules/.vite/deps/cytoscape-fcose.js?v=91e1b3db:7058:58)
    at http://localhost:3001/src/components/KnowledgeGraph.tsx?t=1777360525659:279:12
    at Object.react_stack_bottom_frame (http://localhost:3001/node_modules/.vite/deps/react-dom_client.js?v=91e1b3db:18567:20)
    at runWithFiberInDEV (http://localhost:3001/node_modules/.vite/deps/react-dom_client.js?v=91e1b3db:997:72)
    at commitHookEffectListMount (http://localhost:3001/node_modules/.vite/deps/react-dom_client.js?v=91e1b3db:9411:163)
    at commitHookPassiveMountEffects (http://localhost:3001/node_modules/.vite/deps/react-dom_client.js?v=91e1b3db:9465:60)
[  292754ms] [WARNING] %s

%s
 An error occurred in the <KnowledgeGraph> component. Consider adding an error boundary to your tree to customize error handling behavior.
Visit https://react.dev/link/error-boundaries to learn more about error boundaries. @ http://localhost:3001/node_modules/.vite/deps/react-dom_client.js?v=91e1b3db:6965
[  310323ms] [WARNING] You have set a custom wheel sensitivity.  This will make your app zoom unnaturally when using mainstream mice.  You should change this value from the default only if you can guarantee that all your users will use the same hardware and OS configuration as your current machine. @ http://localhost:3001/node_modules/.vite/deps/cytoscape.js?v=91e1b3db:1091
[  310479ms] TypeError: Cannot read properties of null (reading 'isHeadless')
    at Core2.headless (http://localhost:3001/node_modules/.vite/deps/cytoscape.js?v=91e1b3db:16795:35)
    at boundingBoxImpl2 (http://localhost:3001/node_modules/.vite/deps/cytoscape.js?v=91e1b3db:9141:22)
    at cachedBoundingBoxImpl2 (http://localhost:3001/node_modules/.vite/deps/cytoscape.js?v=91e1b3db:9379:10)
    at elesfn$b.boundingBox (http://localhost:3001/node_modules/.vite/deps/cytoscape.js?v=91e1b3db:9463:36)
    at Layout2.run (http://localhost:3001/node_modules/.vite/deps/cytoscape-fcose.js?v=91e1b3db:7058:58)
    at http://localhost:3001/src/components/KnowledgeGraph.tsx?t=1777360543313:279:12
    at Object.react_stack_bottom_frame (http://localhost:3001/node_modules/.vite/deps/react-dom_client.js?v=91e1b3db:18567:20)
    at runWithFiberInDEV (http://localhost:3001/node_modules/.vite/deps/react-dom_client.js?v=91e1b3db:997:72)
    at commitHookEffectListMount (http://localhost:3001/node_modules/.vite/deps/react-dom_client.js?v=91e1b3db:9411:163)
    at commitHookPassiveMountEffects (http://localhost:3001/node_modules/.vite/deps/react-dom_client.js?v=91e1b3db:9465:60)
[  310477ms] [WARNING] %s

%s
 An error occurred in the <KnowledgeGraph> component. Consider adding an error boundary to your tree to customize error handling behavior.
Visit https://react.dev/link/error-boundaries to learn more about error boundaries. @ http://localhost:3001/node_modules/.vite/deps/react-dom_client.js?v=91e1b3db:6965
[  382237ms] [WARNING] You have set a custom wheel sensitivity.  This will make your app zoom unnaturally when using mainstream mice.  You should change this value from the default only if you can guarantee that all your users will use the same hardware and OS configuration as your current machine. @ http://localhost:3001/node_modules/.vite/deps/cytoscape.js?v=91e1b3db:1091
[  382339ms] TypeError: Cannot read properties of null (reading 'isHeadless')
    at Core2.headless (http://localhost:3001/node_modules/.vite/deps/cytoscape.js?v=91e1b3db:16795:35)
    at boundingBoxImpl2 (http://localhost:3001/node_modules/.vite/deps/cytoscape.js?v=91e1b3db:9141:22)
    at cachedBoundingBoxImpl2 (http://localhost:3001/node_modules/.vite/deps/cytoscape.js?v=91e1b3db:9379:10)
    at elesfn$b.boundingBox (http://localhost:3001/node_modules/.vite/deps/cytoscape.js?v=91e1b3db:9463:36)
    at Layout2.run (http://localhost:3001/node_modules/.vite/deps/cytoscape-fcose.js?v=91e1b3db:7058:58)
    at http://localhost:3001/src/components/KnowledgeGraph.tsx?t=1777360615233:279:12
    at Object.react_stack_bottom_frame (http://localhost:3001/node_modules/.vite/deps/react-dom_client.js?v=91e1b3db:18567:20)
    at runWithFiberInDEV (http://localhost:3001/node_modules/.vite/deps/react-dom_client.js?v=91e1b3db:997:72)
    at commitHookEffectListMount (http://localhost:3001/node_modules/.vite/deps/react-dom_client.js?v=91e1b3db:9411:163)
    at commitHookPassiveMountEffects (http://localhost:3001/node_modules/.vite/deps/react-dom_client.js?v=91e1b3db:9465:60)
[  382328ms] [WARNING] %s

%s
 An error occurred in the <KnowledgeGraph> component. Consider adding an error boundary to your tree to customize error handling behavior.
Visit https://react.dev/link/error-boundaries to learn more about error boundaries. @ http://localhost:3001/node_modules/.vite/deps/react-dom_client.js?v=91e1b3db:6965
