[    1232ms] [INFO] %cDownload the React DevTools for a better development experience: https://react.dev/link/react-devtools font-weight:bold @ http://localhost:5174/node_modules/.vite/deps/react-dom_client.js?v=91e1b3db:20102
[    1355ms] [ERROR] Failed to load resource: the server responded with a status of 404 (Not Found) @ http://localhost:5174/favicon.ico:0
[    1631ms] [WARNING] You have set a custom wheel sensitivity.  This will make your app zoom unnaturally when using mainstream mice.  You should change this value from the default only if you can guarantee that all your users will use the same hardware and OS configuration as your current machine. @ http://localhost:5174/node_modules/.vite/deps/cytoscape.js?v=91e1b3db:1091
[   24997ms] [LOG] DocumentViewer received: 35 Scheduler - 调度器 content length: 30 @ http://localhost:5174/src/components/DocumentViewer.tsx:15
[   25011ms] [LOG] DocumentViewer received: 35 Scheduler - 调度器 content length: 30 @ http://localhost:5174/src/components/DocumentViewer.tsx:15
[   28887ms] [INFO] %cDownload the React DevTools for a better development experience: https://react.dev/link/react-devtools font-weight:bold @ http://localhost:5174/node_modules/.vite/deps/react-dom_client.js?v=91e1b3db:20102
[   29215ms] [WARNING] You have set a custom wheel sensitivity.  This will make your app zoom unnaturally when using mainstream mice.  You should change this value from the default only if you can guarantee that all your users will use the same hardware and OS configuration as your current machine. @ http://localhost:5174/node_modules/.vite/deps/cytoscape.js?v=91e1b3db:1091
[   49392ms] [LOG] DocumentViewer received: 31 Draft Token - 起草Token content length: 44 @ http://localhost:5174/src/components/DocumentViewer.tsx:15
[   49404ms] [LOG] DocumentViewer received: 31 Draft Token - 起草Token content length: 44 @ http://localhost:5174/src/components/DocumentViewer.tsx:15
[  125025ms] [INFO] %cDownload the React DevTools for a better development experience: https://react.dev/link/react-devtools font-weight:bold @ http://localhost:5174/node_modules/.vite/deps/react-dom_client.js?v=91e1b3db:20102
[  125361ms] [WARNING] You have set a custom wheel sensitivity.  This will make your app zoom unnaturally when using mainstream mice.  You should change this value from the default only if you can guarantee that all your users will use the same hardware and OS configuration as your current machine. @ http://localhost:5174/node_modules/.vite/deps/cytoscape.js?v=91e1b3db:1091
[  126933ms] [LOG] DocumentViewer received: 21 Sampling Params - 采样参数 content length: 58 @ http://localhost:5174/src/components/DocumentViewer.tsx:15
[  126946ms] [LOG] DocumentViewer received: 21 Sampling Params - 采样参数 content length: 58 @ http://localhost:5174/src/components/DocumentViewer.tsx:15
[  233019ms] [WARNING] You have set a custom wheel sensitivity.  This will make your app zoom unnaturally when using mainstream mice.  You should change this value from the default only if you can guarantee that all your users will use the same hardware and OS configuration as your current machine. @ http://localhost:5174/node_modules/.vite/deps/cytoscape.js?v=91e1b3db:1091
[  236743ms] [LOG] DocumentViewer received: 6 Error Handling - 错误处理 content length: 42 @ http://localhost:5174/src/components/DocumentViewer.tsx:15
[  236744ms] [LOG] DocumentViewer received: 6 Error Handling - 错误处理 content length: 42 @ http://localhost:5174/src/components/DocumentViewer.tsx:15
[  300673ms] [WARNING] You have set a custom wheel sensitivity.  This will make your app zoom unnaturally when using mainstream mice.  You should change this value from the default only if you can guarantee that all your users will use the same hardware and OS configuration as your current machine. @ http://localhost:5174/node_modules/.vite/deps/cytoscape.js?v=91e1b3db:1091
[  306404ms] [LOG] DocumentViewer received: user_1777354552676 tempurature content length: 66 @ http://localhost:5174/src/components/DocumentViewer.tsx:15
[  318108ms] [INFO] %cDownload the React DevTools for a better development experience: https://react.dev/link/react-devtools font-weight:bold @ http://localhost:5174/node_modules/.vite/deps/react-dom_client.js?v=91e1b3db:20102
[  318454ms] [WARNING] You have set a custom wheel sensitivity.  This will make your app zoom unnaturally when using mainstream mice.  You should change this value from the default only if you can guarantee that all your users will use the same hardware and OS configuration as your current machine. @ http://localhost:5174/node_modules/.vite/deps/cytoscape.js?v=91e1b3db:1091
[  321198ms] [LOG] DocumentViewer received: 6 Error Handling - 错误处理 content length: 42 @ http://localhost:5174/src/components/DocumentViewer.tsx:15
[  321210ms] [LOG] DocumentViewer received: 6 Error Handling - 错误处理 content length: 42 @ http://localhost:5174/src/components/DocumentViewer.tsx:15
