[    1022ms] [INFO] %cDownload the React DevTools for a better development experience: https://react.dev/link/react-devtools font-weight:bold @ http://localhost:3001/node_modules/.vite/deps/react-dom_client.js?v=91e1b3db:20102
[    1163ms] [ERROR] Failed to load resource: the server responded with a status of 404 (Not Found) @ http://localhost:3001/favicon.ico:0
[    1456ms] [WARNING] You have set a custom wheel sensitivity.  This will make your app zoom unnaturally when using mainstream mice.  You should change this value from the default only if you can guarantee that all your users will use the same hardware and OS configuration as your current machine. @ http://localhost:3001/node_modules/.vite/deps/cytoscape.js?v=91e1b3db:1091
[    1571ms] Error: Can not create second element with ID `e_0_1`
    at error2 (http://localhost:3001/node_modules/.vite/deps/cytoscape.js?v=91e1b3db:1078:9)
    at elesfn$1.restore (http://localhost:3001/node_modules/.vite/deps/cytoscape.js?v=91e1b3db:11856:7)
    at new Element2 (http://localhost:3001/node_modules/.vite/deps/cytoscape.js?v=91e1b3db:1423:10)
    at Core2.add2 [as add] (http://localhost:3001/node_modules/.vite/deps/cytoscape.js?v=91e1b3db:12193:18)
    at http://localhost:3001/src/components/KnowledgeGraph.tsx:242:12
    at Array.forEach (<anonymous>)
    at http://localhost:3001/src/components/KnowledgeGraph.tsx:238:11
    at Object.react_stack_bottom_frame (http://localhost:3001/node_modules/.vite/deps/react-dom_client.js?v=91e1b3db:18567:20)
    at runWithFiberInDEV (http://localhost:3001/node_modules/.vite/deps/react-dom_client.js?v=91e1b3db:997:72)
    at commitHookEffectListMount (http://localhost:3001/node_modules/.vite/deps/react-dom_client.js?v=91e1b3db:9411:163)
[    1570ms] [WARNING] %s

%s
 An error occurred in the <KnowledgeGraph> component. Consider adding an error boundary to your tree to customize error handling behavior.
Visit https://react.dev/link/error-boundaries to learn more about error boundaries. @ http://localhost:3001/node_modules/.vite/deps/react-dom_client.js?v=91e1b3db:6965
[   81046ms] [WARNING] You have set a custom wheel sensitivity.  This will make your app zoom unnaturally when using mainstream mice.  You should change this value from the default only if you can guarantee that all your users will use the same hardware and OS configuration as your current machine. @ http://localhost:3001/node_modules/.vite/deps/cytoscape.js?v=91e1b3db:1091
[   81287ms] ReferenceError: handleZoomIn is not defined
    at KnowledgeGraph (http://localhost:3001/src/components/KnowledgeGraph.tsx:348:20)
    at Object.react_stack_bottom_frame (http://localhost:3001/node_modules/.vite/deps/react-dom_client.js?v=91e1b3db:18509:20)
    at renderWithHooks (http://localhost:3001/node_modules/.vite/deps/react-dom_client.js?v=91e1b3db:5654:24)
    at updateFunctionComponent (http://localhost:3001/node_modules/.vite/deps/react-dom_client.js?v=91e1b3db:7475:21)
    at beginWork (http://localhost:3001/node_modules/.vite/deps/react-dom_client.js?v=91e1b3db:8525:20)
    at runWithFiberInDEV (http://localhost:3001/node_modules/.vite/deps/react-dom_client.js?v=91e1b3db:997:72)
    at performUnitOfWork (http://localhost:3001/node_modules/.vite/deps/react-dom_client.js?v=91e1b3db:12561:98)
    at workLoopSync (http://localhost:3001/node_modules/.vite/deps/react-dom_client.js?v=91e1b3db:12424:43)
    at renderRootSync (http://localhost:3001/node_modules/.vite/deps/react-dom_client.js?v=91e1b3db:12408:13)
    at performWorkOnRoot (http://localhost:3001/node_modules/.vite/deps/react-dom_client.js?v=91e1b3db:11827:37)
[   81283ms] [WARNING] %s

%s
 An error occurred in the <KnowledgeGraph> component. Consider adding an error boundary to your tree to customize error handling behavior.
Visit https://react.dev/link/error-boundaries to learn more about error boundaries. @ http://localhost:3001/node_modules/.vite/deps/react-dom_client.js?v=91e1b3db:6965
