[      98ms] [INFO] %cDownload the React DevTools for a better development experience: https://react.dev/link/react-devtools font-weight:bold @ http://localhost:3002/node_modules/.vite/deps/react-dom_client.js?v=e30240b8:20102
[     114ms] [WARNING] You have set a custom wheel sensitivity.  This will make your app zoom unnaturally when using mainstream mice.  You should change this value from the default only if you can guarantee that all your users will use the same hardware and OS configuration as your current machine. @ http://localhost:3002/node_modules/.vite/deps/cytoscape.js?v=e30240b8:1091
[     193ms] [WARNING] [KnowledgeGraph] incremental layout skipped: TypeError: Cannot read properties of null (reading 'isHeadless')
    at Core2.headless (http://localhost:3002/node_modules/.vite/deps/cytoscape.js?v=e30240b8:16795:35)
    at boundingBoxImpl2 (http://localhost:3002/node_modules/.vite/deps/cytoscape.js?v=e30240b8:9141:22)
    at cachedBoundingBoxImpl2 (http://localhost:3002/node_modules/.vite/deps/cytoscape.js?v=e30240b8:9379:10)
    at elesfn$b.boundingBox (http://localhost:3002/node_modules/.vite/deps/cytoscape.js?v=e30240b8:9463:36)
    at Layout2.run (http://localhost:3002/node_modules/.vite/deps/cytoscape-fcose.js?v=e30240b8:7058:58)
    at http://localhost:3002/src/components/KnowledgeGraph.tsx:285:14
    at Object.react_stack_bottom_frame (http://localhost:3002/node_modules/.vite/deps/react-dom_client.js?v=e30240b8:18567:20)
    at runWithFiberInDEV (http://localhost:3002/node_modules/.vite/deps/react-dom_client.js?v=e30240b8:997:72)
    at commitHookEffectListMount (http://localhost:3002/node_modules/.vite/deps/react-dom_client.js?v=e30240b8:9411:163)
    at commitHookPassiveMountEffects (http://localhost:3002/node_modules/.vite/deps/react-dom_client.js?v=e30240b8:9465:60) @ http://localhost:3002/src/components/KnowledgeGraph.tsx:286
[     201ms] [ERROR] Failed to load resource: the server responded with a status of 500 (Internal Server Error) @ http://localhost:3002/api/documents:0
[     203ms] [ERROR] Failed to load resource: the server responded with a status of 500 (Internal Server Error) @ http://localhost:3002/api/documents:0
[  110030ms] [LOG] [vite] server connection lost. Polling for restart... @ http://localhost:3002/@vite/client:963
[  110031ms] [ERROR] WebSocket connection to 'ws://localhost:3002/' failed: Error in connection establishment: net::ERR_CONNECTION_REFUSED @ http://localhost:3002/@vite/client:1034
[  111034ms] [ERROR] WebSocket connection to 'ws://localhost:3002/' failed: Error in connection establishment: net::ERR_CONNECTION_REFUSED @ http://localhost:3002/@vite/client:1034
[  112037ms] [ERROR] WebSocket connection to 'ws://localhost:3002/' failed: Error in connection establishment: net::ERR_CONNECTION_REFUSED @ http://localhost:3002/@vite/client:1034
[  113040ms] [ERROR] WebSocket connection to 'ws://localhost:3002/' failed: Error in connection establishment: net::ERR_CONNECTION_REFUSED @ http://localhost:3002/@vite/client:1034
[  114042ms] [ERROR] WebSocket connection to 'ws://localhost:3002/' failed: Error in connection establishment: net::ERR_CONNECTION_REFUSED @ http://localhost:3002/@vite/client:1034
[  115044ms] [ERROR] WebSocket connection to 'ws://localhost:3002/' failed: Error in connection establishment: net::ERR_CONNECTION_REFUSED @ http://localhost:3002/@vite/client:1034
[  116047ms] [ERROR] WebSocket connection to 'ws://localhost:3002/' failed: Error in connection establishment: net::ERR_CONNECTION_REFUSED @ http://localhost:3002/@vite/client:1034
[  117050ms] [ERROR] WebSocket connection to 'ws://localhost:3002/' failed: Error in connection establishment: net::ERR_CONNECTION_REFUSED @ http://localhost:3002/@vite/client:1034
[  118053ms] [ERROR] WebSocket connection to 'ws://localhost:3002/' failed: Error in connection establishment: net::ERR_CONNECTION_REFUSED @ http://localhost:3002/@vite/client:1034
[  119055ms] [ERROR] WebSocket connection to 'ws://localhost:3002/' failed: Error in connection establishment: net::ERR_CONNECTION_REFUSED @ http://localhost:3002/@vite/client:1034
[  120058ms] [ERROR] WebSocket connection to 'ws://localhost:3002/' failed: Error in connection establishment: net::ERR_CONNECTION_REFUSED @ http://localhost:3002/@vite/client:1034
[  121064ms] [ERROR] WebSocket connection to 'ws://localhost:3002/' failed: Error in connection establishment: net::ERR_CONNECTION_REFUSED @ http://localhost:3002/@vite/client:1034
[  122067ms] [ERROR] WebSocket connection to 'ws://localhost:3002/' failed: Error in connection establishment: net::ERR_CONNECTION_REFUSED @ http://localhost:3002/@vite/client:1034
[  123074ms] [ERROR] WebSocket connection to 'ws://localhost:3002/' failed: Error in connection establishment: net::ERR_CONNECTION_REFUSED @ http://localhost:3002/@vite/client:1034
[  124080ms] [ERROR] WebSocket connection to 'ws://localhost:3002/' failed: Error in connection establishment: net::ERR_CONNECTION_REFUSED @ http://localhost:3002/@vite/client:1034
[  125087ms] [ERROR] WebSocket connection to 'ws://localhost:3002/' failed: Error in connection establishment: net::ERR_CONNECTION_REFUSED @ http://localhost:3002/@vite/client:1034
[  127051ms] [INFO] %cDownload the React DevTools for a better development experience: https://react.dev/link/react-devtools font-weight:bold @ http://localhost:3002/node_modules/.vite/deps/react-dom_client.js?v=e30240b8:20102
[  127075ms] [WARNING] You have set a custom wheel sensitivity.  This will make your app zoom unnaturally when using mainstream mice.  You should change this value from the default only if you can guarantee that all your users will use the same hardware and OS configuration as your current machine. @ http://localhost:3002/node_modules/.vite/deps/cytoscape.js?v=e30240b8:1091
[  127173ms] [WARNING] [KnowledgeGraph] incremental layout skipped: TypeError: Cannot read properties of null (reading 'isHeadless')
    at Core2.headless (http://localhost:3002/node_modules/.vite/deps/cytoscape.js?v=e30240b8:16795:35)
    at boundingBoxImpl2 (http://localhost:3002/node_modules/.vite/deps/cytoscape.js?v=e30240b8:9141:22)
    at cachedBoundingBoxImpl2 (http://localhost:3002/node_modules/.vite/deps/cytoscape.js?v=e30240b8:9379:10)
    at elesfn$b.boundingBox (http://localhost:3002/node_modules/.vite/deps/cytoscape.js?v=e30240b8:9463:36)
    at Layout2.run (http://localhost:3002/node_modules/.vite/deps/cytoscape-fcose.js?v=e30240b8:7058:58)
    at http://localhost:3002/src/components/KnowledgeGraph.tsx:285:14
    at Object.react_stack_bottom_frame (http://localhost:3002/node_modules/.vite/deps/react-dom_client.js?v=e30240b8:18567:20)
    at runWithFiberInDEV (http://localhost:3002/node_modules/.vite/deps/react-dom_client.js?v=e30240b8:997:72)
    at commitHookEffectListMount (http://localhost:3002/node_modules/.vite/deps/react-dom_client.js?v=e30240b8:9411:163)
    at commitHookPassiveMountEffects (http://localhost:3002/node_modules/.vite/deps/react-dom_client.js?v=e30240b8:9465:60) @ http://localhost:3002/src/components/KnowledgeGraph.tsx:286
[  127203ms] [ERROR] Failed to load resource: the server responded with a status of 500 (Internal Server Error) @ http://localhost:3002/api/documents:0
[  127206ms] [ERROR] Failed to load resource: the server responded with a status of 500 (Internal Server Error) @ http://localhost:3002/api/documents:0
