[    1192ms] [INFO] %cDownload the React DevTools for a better development experience: https://react.dev/link/react-devtools font-weight:bold @ http://localhost:3001/node_modules/.vite/deps/react-dom_client.js?v=e30240b8:20102
[    1293ms] [ERROR] Failed to load resource: the server responded with a status of 404 (Not Found) @ http://localhost:3001/favicon.ico:0
[    1577ms] [WARNING] You have set a custom wheel sensitivity.  This will make your app zoom unnaturally when using mainstream mice.  You should change this value from the default only if you can guarantee that all your users will use the same hardware and OS configuration as your current machine. @ http://localhost:3001/node_modules/.vite/deps/cytoscape.js?v=e30240b8:1091
[  176967ms] [INFO] %cDownload the React DevTools for a better development experience: https://react.dev/link/react-devtools font-weight:bold @ http://localhost:3001/node_modules/.vite/deps/react-dom_client.js?v=e30240b8:20102
[  177311ms] [WARNING] You have set a custom wheel sensitivity.  This will make your app zoom unnaturally when using mainstream mice.  You should change this value from the default only if you can guarantee that all your users will use the same hardware and OS configuration as your current machine. @ http://localhost:3001/node_modules/.vite/deps/cytoscape.js?v=e30240b8:1091
[  256305ms] [INFO] %cDownload the React DevTools for a better development experience: https://react.dev/link/react-devtools font-weight:bold @ http://localhost:3001/node_modules/.vite/deps/react-dom_client.js?v=e30240b8:20102
[  256634ms] [WARNING] You have set a custom wheel sensitivity.  This will make your app zoom unnaturally when using mainstream mice.  You should change this value from the default only if you can guarantee that all your users will use the same hardware and OS configuration as your current machine. @ http://localhost:3001/node_modules/.vite/deps/cytoscape.js?v=e30240b8:1091
[  264949ms] [ERROR] The result of getSnapshot should be cached to avoid an infinite loop @ http://localhost:3001/node_modules/.vite/deps/react-dom_client.js?v=e30240b8:6001
[  265037ms] Error: Maximum update depth exceeded. This can happen when a component repeatedly calls setState inside componentWillUpdate or componentDidUpdate. React limits the number of nested updates to prevent infinite loops.
    at getRootForUpdatedFiber (http://localhost:3001/node_modules/.vite/deps/react-dom_client.js?v=e30240b8:3526:128)
    at enqueueConcurrentRenderForLane (http://localhost:3001/node_modules/.vite/deps/react-dom_client.js?v=e30240b8:3514:16)
    at forceStoreRerender (http://localhost:3001/node_modules/.vite/deps/react-dom_client.js?v=e30240b8:6104:21)
    at updateStoreInstance (http://localhost:3001/node_modules/.vite/deps/react-dom_client.js?v=e30240b8:6086:41)
    at Object.react_stack_bottom_frame (http://localhost:3001/node_modules/.vite/deps/react-dom_client.js?v=e30240b8:18567:20)
    at runWithFiberInDEV (http://localhost:3001/node_modules/.vite/deps/react-dom_client.js?v=e30240b8:997:72)
    at commitHookEffectListMount (http://localhost:3001/node_modules/.vite/deps/react-dom_client.js?v=e30240b8:9411:163)
    at commitHookPassiveMountEffects (http://localhost:3001/node_modules/.vite/deps/react-dom_client.js?v=e30240b8:9465:60)
    at commitPassiveMountOnFiber (http://localhost:3001/node_modules/.vite/deps/react-dom_client.js?v=e30240b8:11040:29)
    at recursivelyTraversePassiveMountEffects (http://localhost:3001/node_modules/.vite/deps/react-dom_client.js?v=e30240b8:11010:13)
[  265036ms] [WARNING] %s

%s
 An error occurred in the <ConceptDetailPanel> component. Consider adding an error boundary to your tree to customize error handling behavior.
Visit https://react.dev/link/error-boundaries to learn more about error boundaries. @ http://localhost:3001/node_modules/.vite/deps/react-dom_client.js?v=e30240b8:6965
[  330477ms] [INFO] %cDownload the React DevTools for a better development experience: https://react.dev/link/react-devtools font-weight:bold @ http://localhost:3001/node_modules/.vite/deps/react-dom_client.js?v=e30240b8:20102
[  330806ms] [WARNING] You have set a custom wheel sensitivity.  This will make your app zoom unnaturally when using mainstream mice.  You should change this value from the default only if you can guarantee that all your users will use the same hardware and OS configuration as your current machine. @ http://localhost:3001/node_modules/.vite/deps/cytoscape.js?v=e30240b8:1091
[  386962ms] [INFO] %cDownload the React DevTools for a better development experience: https://react.dev/link/react-devtools font-weight:bold @ http://localhost:3001/node_modules/.vite/deps/react-dom_client.js?v=e30240b8:20102
[  387301ms] [WARNING] You have set a custom wheel sensitivity.  This will make your app zoom unnaturally when using mainstream mice.  You should change this value from the default only if you can guarantee that all your users will use the same hardware and OS configuration as your current machine. @ http://localhost:3001/node_modules/.vite/deps/cytoscape.js?v=e30240b8:1091
[  408223ms] [ERROR] The result of getSnapshot should be cached to avoid an infinite loop @ http://localhost:3001/node_modules/.vite/deps/react-dom_client.js?v=e30240b8:6001
[  408381ms] Error: Maximum update depth exceeded. This can happen when a component repeatedly calls setState inside componentWillUpdate or componentDidUpdate. React limits the number of nested updates to prevent infinite loops.
    at getRootForUpdatedFiber (http://localhost:3001/node_modules/.vite/deps/react-dom_client.js?v=e30240b8:3526:128)
    at enqueueConcurrentRenderForLane (http://localhost:3001/node_modules/.vite/deps/react-dom_client.js?v=e30240b8:3514:16)
    at forceStoreRerender (http://localhost:3001/node_modules/.vite/deps/react-dom_client.js?v=e30240b8:6104:21)
    at updateStoreInstance (http://localhost:3001/node_modules/.vite/deps/react-dom_client.js?v=e30240b8:6086:41)
    at Object.react_stack_bottom_frame (http://localhost:3001/node_modules/.vite/deps/react-dom_client.js?v=e30240b8:18567:20)
    at runWithFiberInDEV (http://localhost:3001/node_modules/.vite/deps/react-dom_client.js?v=e30240b8:997:72)
    at commitHookEffectListMount (http://localhost:3001/node_modules/.vite/deps/react-dom_client.js?v=e30240b8:9411:163)
    at commitHookPassiveMountEffects (http://localhost:3001/node_modules/.vite/deps/react-dom_client.js?v=e30240b8:9465:60)
    at commitPassiveMountOnFiber (http://localhost:3001/node_modules/.vite/deps/react-dom_client.js?v=e30240b8:11040:29)
    at recursivelyTraversePassiveMountEffects (http://localhost:3001/node_modules/.vite/deps/react-dom_client.js?v=e30240b8:11010:13)
[  408381ms] [WARNING] %s

%s
 An error occurred in the <ConceptDetailPanel> component. Consider adding an error boundary to your tree to customize error handling behavior.
Visit https://react.dev/link/error-boundaries to learn more about error boundaries. @ http://localhost:3001/node_modules/.vite/deps/react-dom_client.js?v=e30240b8:6965
[  428704ms] [INFO] %cDownload the React DevTools for a better development experience: https://react.dev/link/react-devtools font-weight:bold @ http://localhost:3001/node_modules/.vite/deps/react-dom_client.js?v=e30240b8:20102
[  429039ms] [WARNING] You have set a custom wheel sensitivity.  This will make your app zoom unnaturally when using mainstream mice.  You should change this value from the default only if you can guarantee that all your users will use the same hardware and OS configuration as your current machine. @ http://localhost:3001/node_modules/.vite/deps/cytoscape.js?v=e30240b8:1091
[  431734ms] [ERROR] The result of getSnapshot should be cached to avoid an infinite loop @ http://localhost:3001/node_modules/.vite/deps/react-dom_client.js?v=e30240b8:6001
[  431816ms] Error: Maximum update depth exceeded. This can happen when a component repeatedly calls setState inside componentWillUpdate or componentDidUpdate. React limits the number of nested updates to prevent infinite loops.
    at getRootForUpdatedFiber (http://localhost:3001/node_modules/.vite/deps/react-dom_client.js?v=e30240b8:3526:128)
    at enqueueConcurrentRenderForLane (http://localhost:3001/node_modules/.vite/deps/react-dom_client.js?v=e30240b8:3514:16)
    at forceStoreRerender (http://localhost:3001/node_modules/.vite/deps/react-dom_client.js?v=e30240b8:6104:21)
    at updateStoreInstance (http://localhost:3001/node_modules/.vite/deps/react-dom_client.js?v=e30240b8:6086:41)
    at Object.react_stack_bottom_frame (http://localhost:3001/node_modules/.vite/deps/react-dom_client.js?v=e30240b8:18567:20)
    at runWithFiberInDEV (http://localhost:3001/node_modules/.vite/deps/react-dom_client.js?v=e30240b8:997:72)
    at commitHookEffectListMount (http://localhost:3001/node_modules/.vite/deps/react-dom_client.js?v=e30240b8:9411:163)
    at commitHookPassiveMountEffects (http://localhost:3001/node_modules/.vite/deps/react-dom_client.js?v=e30240b8:9465:60)
    at commitPassiveMountOnFiber (http://localhost:3001/node_modules/.vite/deps/react-dom_client.js?v=e30240b8:11040:29)
    at recursivelyTraversePassiveMountEffects (http://localhost:3001/node_modules/.vite/deps/react-dom_client.js?v=e30240b8:11010:13)
[  431815ms] [WARNING] %s

%s
 An error occurred in the <ConceptDetailPanel> component. Consider adding an error boundary to your tree to customize error handling behavior.
Visit https://react.dev/link/error-boundaries to learn more about error boundaries. @ http://localhost:3001/node_modules/.vite/deps/react-dom_client.js?v=e30240b8:6965
[  454963ms] [WARNING] You have set a custom wheel sensitivity.  This will make your app zoom unnaturally when using mainstream mice.  You should change this value from the default only if you can guarantee that all your users will use the same hardware and OS configuration as your current machine. @ http://localhost:3001/node_modules/.vite/deps/cytoscape.js?v=e30240b8:1091
[  455060ms] TypeError: Cannot read properties of null (reading 'isHeadless')
    at Core2.headless (http://localhost:3001/node_modules/.vite/deps/cytoscape.js?v=e30240b8:16795:35)
    at boundingBoxImpl2 (http://localhost:3001/node_modules/.vite/deps/cytoscape.js?v=e30240b8:9141:22)
    at cachedBoundingBoxImpl2 (http://localhost:3001/node_modules/.vite/deps/cytoscape.js?v=e30240b8:9379:10)
    at elesfn$b.boundingBox (http://localhost:3001/node_modules/.vite/deps/cytoscape.js?v=e30240b8:9463:36)
    at Layout2.run (http://localhost:3001/node_modules/.vite/deps/cytoscape-fcose.js?v=e30240b8:7058:58)
    at http://localhost:3001/src/components/KnowledgeGraph.tsx?t=1777423952751:285:12
    at Object.react_stack_bottom_frame (http://localhost:3001/node_modules/.vite/deps/react-dom_client.js?v=e30240b8:18567:20)
    at runWithFiberInDEV (http://localhost:3001/node_modules/.vite/deps/react-dom_client.js?v=e30240b8:997:72)
    at commitHookEffectListMount (http://localhost:3001/node_modules/.vite/deps/react-dom_client.js?v=e30240b8:9411:163)
    at commitHookPassiveMountEffects (http://localhost:3001/node_modules/.vite/deps/react-dom_client.js?v=e30240b8:9465:60)
[  455054ms] [WARNING] %s

%s
 An error occurred in the <KnowledgeGraph> component. Consider adding an error boundary to your tree to customize error handling behavior.
Visit https://react.dev/link/error-boundaries to learn more about error boundaries. @ http://localhost:3001/node_modules/.vite/deps/react-dom_client.js?v=e30240b8:6965
[  469788ms] [ERROR] Failed to load resource: net::ERR_EMPTY_RESPONSE @ http://localhost:3001/api/documents:0
[  470173ms] [LOG] [vite] server connection lost. Polling for restart... @ http://localhost:3001/@vite/client:963
[  472566ms] [ERROR] WebSocket connection to 'ws://localhost:3001/' failed: Error during WebSocket handshake: Unexpected response code: 404 @ http://localhost:3001/@vite/client:1034
[  473570ms] [ERROR] WebSocket connection to 'ws://localhost:3001/' failed: Error during WebSocket handshake: Unexpected response code: 404 @ http://localhost:3001/@vite/client:1034
[  474573ms] [ERROR] WebSocket connection to 'ws://localhost:3001/' failed: Error during WebSocket handshake: Unexpected response code: 404 @ http://localhost:3001/@vite/client:1034
[  475577ms] [ERROR] WebSocket connection to 'ws://localhost:3001/' failed: Error during WebSocket handshake: Unexpected response code: 404 @ http://localhost:3001/@vite/client:1034
[  476581ms] [ERROR] WebSocket connection to 'ws://localhost:3001/' failed: Error during WebSocket handshake: Unexpected response code: 404 @ http://localhost:3001/@vite/client:1034
[  477583ms] [ERROR] WebSocket connection to 'ws://localhost:3001/' failed: Error during WebSocket handshake: Unexpected response code: 404 @ http://localhost:3001/@vite/client:1034
[  478586ms] [ERROR] WebSocket connection to 'ws://localhost:3001/' failed: Error during WebSocket handshake: Unexpected response code: 404 @ http://localhost:3001/@vite/client:1034
[  479590ms] [ERROR] WebSocket connection to 'ws://localhost:3001/' failed: Error during WebSocket handshake: Unexpected response code: 404 @ http://localhost:3001/@vite/client:1034
[  480596ms] [ERROR] WebSocket connection to 'ws://localhost:3001/' failed: Error during WebSocket handshake: Unexpected response code: 404 @ http://localhost:3001/@vite/client:1034
[  481696ms] [ERROR] Failed to load resource: the server responded with a status of 404 (Not Found) @ http://localhost:3001/:0
