[     805ms] [INFO] %cDownload the React DevTools for a better development experience: https://react.dev/link/react-devtools font-weight:bold @ http://localhost:5173/node_modules/.vite/deps/react-dom_client.js?v=91e1b3db:20102
[     896ms] [ERROR] Failed to load resource: the server responded with a status of 404 (Not Found) @ http://localhost:5173/favicon.ico:0
[    1188ms] [WARNING] You have set a custom wheel sensitivity.  This will make your app zoom unnaturally when using mainstream mice.  You should change this value from the default only if you can guarantee that all your users will use the same hardware and OS configuration as your current machine. @ http://localhost:5173/node_modules/.vite/deps/cytoscape.js?v=91e1b3db:1091
[    1632ms] [LOG] [KG] mouseover node: Quantization - 量化 pos: 359.59524605944375 127.17880959726799 @ http://localhost:5173/src/components/KnowledgeGraph.tsx:187
[    1633ms] [LOG] [KGV] onHoverConcept: Quantization - 量化 viewMode: explore selectedConcept: undefined @ http://localhost:5173/src/components/KnowledgeGraphView.tsx:433
[    1665ms] [LOG] [KG] mouseover node: ModelLoader - 模型加载器 pos: 342.9410115983429 128.94290553701666 @ http://localhost:5173/src/components/KnowledgeGraph.tsx:187
[    1665ms] [LOG] [KGV] onHoverConcept: ModelLoader - 模型加载器 viewMode: explore selectedConcept: undefined @ http://localhost:5173/src/components/KnowledgeGraphView.tsx:433
[    1995ms] [LOG] [KG] mouseover node: N-gram Proposer - N元提议 pos: 360.39961463372236 140.38492229317816 @ http://localhost:5173/src/components/KnowledgeGraph.tsx:187
[    1996ms] [LOG] [KGV] onHoverConcept: N-gram Proposer - N元提议 viewMode: explore selectedConcept: undefined @ http://localhost:5173/src/components/KnowledgeGraphView.tsx:433
[    2145ms] [LOG] [KG] mouseover node: Speculative Decoding - 投机解码 pos: 439.6879596575929 138.94773506288558 @ http://localhost:5173/src/components/KnowledgeGraph.tsx:187
[    2146ms] [LOG] [KGV] onHoverConcept: Speculative Decoding - 投机解码 viewMode: explore selectedConcept: undefined @ http://localhost:5173/src/components/KnowledgeGraphView.tsx:433
[   30095ms] [LOG] [KG] mouseover node: Draft Token - 起草Token pos: 463.3695340392627 65.69313542386703 @ http://localhost:5173/src/components/KnowledgeGraph.tsx:187
[   30095ms] [LOG] [KGV] onHoverConcept: Draft Token - 起草Token viewMode: explore selectedConcept: undefined @ http://localhost:5173/src/components/KnowledgeGraphView.tsx:433
[   69872ms] [LOG] [vite] server connection lost. Polling for restart... @ http://localhost:5173/@vite/client:963
[   69874ms] [ERROR] WebSocket connection to 'ws://localhost:5173/' failed: Error in connection establishment: net::ERR_CONNECTION_REFUSED @ http://localhost:5173/@vite/client:1034
[   70877ms] [ERROR] WebSocket connection to 'ws://localhost:5173/' failed: Error in connection establishment: net::ERR_CONNECTION_REFUSED @ http://localhost:5173/@vite/client:1034
[   71879ms] [ERROR] WebSocket connection to 'ws://localhost:5173/' failed: Error in connection establishment: net::ERR_CONNECTION_REFUSED @ http://localhost:5173/@vite/client:1034
[   72881ms] [ERROR] WebSocket connection to 'ws://localhost:5173/' failed: Error in connection establishment: net::ERR_CONNECTION_REFUSED @ http://localhost:5173/@vite/client:1034
[   73882ms] [ERROR] WebSocket connection to 'ws://localhost:5173/' failed: Error in connection establishment: net::ERR_CONNECTION_REFUSED @ http://localhost:5173/@vite/client:1034
[   74884ms] [ERROR] WebSocket connection to 'ws://localhost:5173/' failed: Error in connection establishment: net::ERR_CONNECTION_REFUSED @ http://localhost:5173/@vite/client:1034
[   75887ms] [ERROR] WebSocket connection to 'ws://localhost:5173/' failed: Error in connection establishment: net::ERR_CONNECTION_REFUSED @ http://localhost:5173/@vite/client:1034
[   76891ms] [ERROR] WebSocket connection to 'ws://localhost:5173/' failed: Error in connection establishment: net::ERR_CONNECTION_REFUSED @ http://localhost:5173/@vite/client:1034
[   77894ms] [ERROR] WebSocket connection to 'ws://localhost:5173/' failed: Error in connection establishment: net::ERR_CONNECTION_REFUSED @ http://localhost:5173/@vite/client:1034
[   78898ms] [ERROR] WebSocket connection to 'ws://localhost:5173/' failed: Error in connection establishment: net::ERR_CONNECTION_REFUSED @ http://localhost:5173/@vite/client:1034
[   79904ms] [ERROR] WebSocket connection to 'ws://localhost:5173/' failed: Error in connection establishment: net::ERR_CONNECTION_REFUSED @ http://localhost:5173/@vite/client:1034
[   80909ms] [ERROR] WebSocket connection to 'ws://localhost:5173/' failed: Error in connection establishment: net::ERR_CONNECTION_REFUSED @ http://localhost:5173/@vite/client:1034
[   81920ms] [ERROR] WebSocket connection to 'ws://localhost:5173/' failed: Error in connection establishment: net::ERR_CONNECTION_REFUSED @ http://localhost:5173/@vite/client:1034
[   82931ms] [ERROR] WebSocket connection to 'ws://localhost:5173/' failed: Error in connection establishment: net::ERR_CONNECTION_REFUSED @ http://localhost:5173/@vite/client:1034
[   83944ms] [ERROR] WebSocket connection to 'ws://localhost:5173/' failed: Error in connection establishment: net::ERR_CONNECTION_REFUSED @ http://localhost:5173/@vite/client:1034
[   84961ms] [ERROR] WebSocket connection to 'ws://localhost:5173/' failed: Error in connection establishment: net::ERR_CONNECTION_REFUSED @ http://localhost:5173/@vite/client:1034
