[     117ms] [INFO] %cDownload the React DevTools for a better development experience: https://react.dev/link/react-devtools font-weight:bold @ http://localhost:3000/node_modules/.vite/deps/react-dom_client.js?v=1c3da450:20102
[     182ms] [WARNING] You have set a custom wheel sensitivity.  This will make your app zoom unnaturally when using mainstream mice.  You should change this value from the default only if you can guarantee that all your users will use the same hardware and OS configuration as your current machine. @ http://localhost:3000/node_modules/.vite/deps/cytoscape.js?v=1c3da450:1091
[     286ms] [WARNING] You have set a custom wheel sensitivity.  This will make your app zoom unnaturally when using mainstream mice.  You should change this value from the default only if you can guarantee that all your users will use the same hardware and OS configuration as your current machine. @ http://localhost:3000/node_modules/.vite/deps/cytoscape.js?v=1c3da450:1091
[   11737ms] [LOG] DocumentViewer received: Model/14-embedding.md 14-embedding content length: 3261 @ http://localhost:3000/src/components/DocumentViewer.tsx?t=1777526694816:18
[   11765ms] [LOG] DocumentViewer received: Model/14-embedding.md 14-embedding content length: 3261 @ http://localhost:3000/src/components/DocumentViewer.tsx?t=1777526694816:18
[   74493ms] [INFO] %cDownload the React DevTools for a better development experience: https://react.dev/link/react-devtools font-weight:bold @ http://localhost:3000/node_modules/.vite/deps/react-dom_client.js?v=1c3da450:20102
[   74533ms] [WARNING] You have set a custom wheel sensitivity.  This will make your app zoom unnaturally when using mainstream mice.  You should change this value from the default only if you can guarantee that all your users will use the same hardware and OS configuration as your current machine. @ http://localhost:3000/node_modules/.vite/deps/cytoscape.js?v=1c3da450:1091
[   74642ms] [WARNING] You have set a custom wheel sensitivity.  This will make your app zoom unnaturally when using mainstream mice.  You should change this value from the default only if you can guarantee that all your users will use the same hardware and OS configuration as your current machine. @ http://localhost:3000/node_modules/.vite/deps/cytoscape.js?v=1c3da450:1091
[   89583ms] [LOG] Toolbar: switching to documents @ http://localhost:3000/src/components/Toolbar.tsx?t=1777525339611:13
[   90363ms] [LOG] DocumentViewer received: Model/14-embedding.md 14-embedding content length: 3261 @ http://localhost:3000/src/components/DocumentViewer.tsx?t=1777526763066:18
[   90395ms] [LOG] DocumentViewer received: Model/14-embedding.md 14-embedding content length: 3261 @ http://localhost:3000/src/components/DocumentViewer.tsx?t=1777526763066:18
[  105035ms] [INFO] %cDownload the React DevTools for a better development experience: https://react.dev/link/react-devtools font-weight:bold @ http://localhost:3000/node_modules/.vite/deps/react-dom_client.js?v=1c3da450:20102
[  105075ms] [WARNING] You have set a custom wheel sensitivity.  This will make your app zoom unnaturally when using mainstream mice.  You should change this value from the default only if you can guarantee that all your users will use the same hardware and OS configuration as your current machine. @ http://localhost:3000/node_modules/.vite/deps/cytoscape.js?v=1c3da450:1091
[  105211ms] [WARNING] You have set a custom wheel sensitivity.  This will make your app zoom unnaturally when using mainstream mice.  You should change this value from the default only if you can guarantee that all your users will use the same hardware and OS configuration as your current machine. @ http://localhost:3000/node_modules/.vite/deps/cytoscape.js?v=1c3da450:1091
[  107098ms] [LOG] Toolbar: switching to documents @ http://localhost:3000/src/components/Toolbar.tsx?t=1777525339611:13
[  107834ms] [LOG] DocumentViewer received: Model/14-embedding.md 14-embedding content length: 3261 @ http://localhost:3000/src/components/DocumentViewer.tsx?t=1777526763066:18
[  107857ms] [LOG] DocumentViewer received: Model/14-embedding.md 14-embedding content length: 3261 @ http://localhost:3000/src/components/DocumentViewer.tsx?t=1777526763066:18
[  113554ms] [INFO] %cDownload the React DevTools for a better development experience: https://react.dev/link/react-devtools font-weight:bold @ http://localhost:3000/node_modules/.vite/deps/react-dom_client.js?v=1c3da450:20102
[  113597ms] [WARNING] You have set a custom wheel sensitivity.  This will make your app zoom unnaturally when using mainstream mice.  You should change this value from the default only if you can guarantee that all your users will use the same hardware and OS configuration as your current machine. @ http://localhost:3000/node_modules/.vite/deps/cytoscape.js?v=1c3da450:1091
[  113767ms] [WARNING] You have set a custom wheel sensitivity.  This will make your app zoom unnaturally when using mainstream mice.  You should change this value from the default only if you can guarantee that all your users will use the same hardware and OS configuration as your current machine. @ http://localhost:3000/node_modules/.vite/deps/cytoscape.js?v=1c3da450:1091
[  139809ms] [INFO] %cDownload the React DevTools for a better development experience: https://react.dev/link/react-devtools font-weight:bold @ http://localhost:3000/node_modules/.vite/deps/react-dom_client.js?v=1c3da450:20102
[  139845ms] [WARNING] You have set a custom wheel sensitivity.  This will make your app zoom unnaturally when using mainstream mice.  You should change this value from the default only if you can guarantee that all your users will use the same hardware and OS configuration as your current machine. @ http://localhost:3000/node_modules/.vite/deps/cytoscape.js?v=1c3da450:1091
[  139992ms] [WARNING] You have set a custom wheel sensitivity.  This will make your app zoom unnaturally when using mainstream mice.  You should change this value from the default only if you can guarantee that all your users will use the same hardware and OS configuration as your current machine. @ http://localhost:3000/node_modules/.vite/deps/cytoscape.js?v=1c3da450:1091
[  141883ms] [LOG] Toolbar: switching to documents @ http://localhost:3000/src/components/Toolbar.tsx?t=1777525339611:13
[  142666ms] [LOG] DocumentViewer received: Model/14-embedding.md 14-embedding content length: 3261 @ http://localhost:3000/src/components/DocumentViewer.tsx?t=1777526763066:18
[  142699ms] [LOG] DocumentViewer received: Model/14-embedding.md 14-embedding content length: 3261 @ http://localhost:3000/src/components/DocumentViewer.tsx?t=1777526763066:18
[  200437ms] [INFO] %cDownload the React DevTools for a better development experience: https://react.dev/link/react-devtools font-weight:bold @ http://localhost:3000/node_modules/.vite/deps/react-dom_client.js?v=1c3da450:20102
[  200462ms] [WARNING] You have set a custom wheel sensitivity.  This will make your app zoom unnaturally when using mainstream mice.  You should change this value from the default only if you can guarantee that all your users will use the same hardware and OS configuration as your current machine. @ http://localhost:3000/node_modules/.vite/deps/cytoscape.js?v=1c3da450:1091
[  200576ms] [WARNING] You have set a custom wheel sensitivity.  This will make your app zoom unnaturally when using mainstream mice.  You should change this value from the default only if you can guarantee that all your users will use the same hardware and OS configuration as your current machine. @ http://localhost:3000/node_modules/.vite/deps/cytoscape.js?v=1c3da450:1091
[  202500ms] [LOG] Toolbar: switching to documents @ http://localhost:3000/src/components/Toolbar.tsx?t=1777525339611:13
[  203254ms] [LOG] DocumentViewer received: Model/14-embedding.md 14-embedding content length: 3261 @ http://localhost:3000/src/components/DocumentViewer.tsx?t=1777526763066:18
[  203281ms] [LOG] DocumentViewer received: Model/14-embedding.md 14-embedding content length: 3261 @ http://localhost:3000/src/components/DocumentViewer.tsx?t=1777526763066:18
[  244970ms] [INFO] %cDownload the React DevTools for a better development experience: https://react.dev/link/react-devtools font-weight:bold @ http://localhost:3000/node_modules/.vite/deps/react-dom_client.js?v=1c3da450:20102
[  244996ms] [WARNING] You have set a custom wheel sensitivity.  This will make your app zoom unnaturally when using mainstream mice.  You should change this value from the default only if you can guarantee that all your users will use the same hardware and OS configuration as your current machine. @ http://localhost:3000/node_modules/.vite/deps/cytoscape.js?v=1c3da450:1091
[  245109ms] [WARNING] You have set a custom wheel sensitivity.  This will make your app zoom unnaturally when using mainstream mice.  You should change this value from the default only if you can guarantee that all your users will use the same hardware and OS configuration as your current machine. @ http://localhost:3000/node_modules/.vite/deps/cytoscape.js?v=1c3da450:1091
[  248033ms] [LOG] Toolbar: switching to documents @ http://localhost:3000/src/components/Toolbar.tsx?t=1777525339611:13
[  249189ms] [LOG] DocumentViewer received: Model/14-embedding.md 14-embedding content length: 3261 @ http://localhost:3000/src/components/DocumentViewer.tsx?t=1777526763066:18
[  249215ms] [LOG] DocumentViewer received: Model/14-embedding.md 14-embedding content length: 3261 @ http://localhost:3000/src/components/DocumentViewer.tsx?t=1777526763066:18
[  270686ms] [LOG] [vite] server connection lost. Polling for restart... @ http://localhost:3000/@vite/client:963
[  270688ms] [ERROR] Failed to load resource: net::ERR_EMPTY_RESPONSE @ http://localhost:3000/api/graph:0
[  270688ms] [ERROR] Failed to load resource: net::ERR_EMPTY_RESPONSE @ http://localhost:3000/api/documents:0
[  270693ms] [ERROR] WebSocket connection to 'ws://localhost:3000/' failed: Error in connection establishment: net::ERR_SOCKET_NOT_CONNECTED @ http://localhost:3000/@vite/client:1034
[  271982ms] [ERROR] WebSocket connection to 'ws://localhost:3000/' failed: Error in connection establishment: net::ERR_CONNECTION_REFUSED @ http://localhost:3000/@vite/client:1034
[  274051ms] [INFO] %cDownload the React DevTools for a better development experience: https://react.dev/link/react-devtools font-weight:bold @ http://localhost:3000/node_modules/.vite/deps/react-dom_client.js?v=1c3da450:20102
[  274089ms] [WARNING] You have set a custom wheel sensitivity.  This will make your app zoom unnaturally when using mainstream mice.  You should change this value from the default only if you can guarantee that all your users will use the same hardware and OS configuration as your current machine. @ http://localhost:3000/node_modules/.vite/deps/cytoscape.js?v=1c3da450:1091
[  274215ms] [WARNING] You have set a custom wheel sensitivity.  This will make your app zoom unnaturally when using mainstream mice.  You should change this value from the default only if you can guarantee that all your users will use the same hardware and OS configuration as your current machine. @ http://localhost:3000/node_modules/.vite/deps/cytoscape.js?v=1c3da450:1091
[  280792ms] [LOG] [vite] server connection lost. Polling for restart... @ http://localhost:3000/@vite/client:963
[  280793ms] [ERROR] WebSocket connection to 'ws://localhost:3000/' failed: Error in connection establishment: net::ERR_CONNECTION_REFUSED @ http://localhost:3000/@vite/client:1034
[  281796ms] [ERROR] WebSocket connection to 'ws://localhost:3000/' failed: Error in connection establishment: net::ERR_CONNECTION_REFUSED @ http://localhost:3000/@vite/client:1034
[  282798ms] [ERROR] WebSocket connection to 'ws://localhost:3000/' failed: Error in connection establishment: net::ERR_CONNECTION_REFUSED @ http://localhost:3000/@vite/client:1034
[  283800ms] [ERROR] WebSocket connection to 'ws://localhost:3000/' failed: Error in connection establishment: net::ERR_CONNECTION_REFUSED @ http://localhost:3000/@vite/client:1034
