[     144ms] [INFO] %cDownload the React DevTools for a better development experience: https://react.dev/link/react-devtools font-weight:bold @ http://localhost:3000/node_modules/.vite/deps/react-dom_client.js?v=91e1b3db:20102
[     230ms] [ERROR] Failed to load resource: the server responded with a status of 404 (Not Found) @ http://localhost:3000/favicon.ico:0
[     514ms] [WARNING] You have set a custom wheel sensitivity.  This will make your app zoom unnaturally when using mainstream mice.  You should change this value from the default only if you can guarantee that all your users will use the same hardware and OS configuration as your current machine. @ http://localhost:3000/node_modules/.vite/deps/cytoscape.js?v=91e1b3db:1091
[   19321ms] [WARNING] You have set a custom wheel sensitivity.  This will make your app zoom unnaturally when using mainstream mice.  You should change this value from the default only if you can guarantee that all your users will use the same hardware and OS configuration as your current machine. @ http://localhost:3000/node_modules/.vite/deps/cytoscape.js?v=91e1b3db:1091
[   54908ms] [LOG] DocumentViewer received: 10 ModelRegistry - 模型注册 content length: 47 @ http://localhost:3000/src/components/DocumentViewer.tsx:15
[   54923ms] [LOG] DocumentViewer received: 10 ModelRegistry - 模型注册 content length: 47 @ http://localhost:3000/src/components/DocumentViewer.tsx:15
[  157881ms] [INFO] %cDownload the React DevTools for a better development experience: https://react.dev/link/react-devtools font-weight:bold @ http://localhost:3000/node_modules/.vite/deps/react-dom_client.js?v=91e1b3db:20102
[  158215ms] [WARNING] You have set a custom wheel sensitivity.  This will make your app zoom unnaturally when using mainstream mice.  You should change this value from the default only if you can guarantee that all your users will use the same hardware and OS configuration as your current machine. @ http://localhost:3000/node_modules/.vite/deps/cytoscape.js?v=91e1b3db:1091
[  160919ms] [LOG] Toolbar: switching to documents @ http://localhost:3000/src/components/Toolbar.tsx:13
[  166902ms] [LOG] Toolbar: switching to knowledge-graph @ http://localhost:3000/src/components/Toolbar.tsx:13
[  166907ms] [WARNING] You have set a custom wheel sensitivity.  This will make your app zoom unnaturally when using mainstream mice.  You should change this value from the default only if you can guarantee that all your users will use the same hardware and OS configuration as your current machine. @ http://localhost:3000/node_modules/.vite/deps/cytoscape.js?v=91e1b3db:1091
[  166946ms] [WARNING] You have set a custom wheel sensitivity.  This will make your app zoom unnaturally when using mainstream mice.  You should change this value from the default only if you can guarantee that all your users will use the same hardware and OS configuration as your current machine. @ http://localhost:3000/node_modules/.vite/deps/cytoscape.js?v=91e1b3db:1091
[  208009ms] [ERROR] Failed to load resource: the server responded with a status of 500 (Internal Server Error) @ http://localhost:3000/src/components/ExploreDialog.tsx?t=1777338593824:0
[  208009ms] [ERROR] [vite] Failed to reload /src/components/ExploreDialog.tsx. This could be due to syntax errors or importing non-existent modules. (see errors above) @ http://localhost:3000/@vite/client:881
[  238054ms] [INFO] %cDownload the React DevTools for a better development experience: https://react.dev/link/react-devtools font-weight:bold @ http://localhost:3000/node_modules/.vite/deps/react-dom_client.js?v=91e1b3db:20102
[  238382ms] [WARNING] You have set a custom wheel sensitivity.  This will make your app zoom unnaturally when using mainstream mice.  You should change this value from the default only if you can guarantee that all your users will use the same hardware and OS configuration as your current machine. @ http://localhost:3000/node_modules/.vite/deps/cytoscape.js?v=91e1b3db:1091
[  275060ms] [INFO] %cDownload the React DevTools for a better development experience: https://react.dev/link/react-devtools font-weight:bold @ http://localhost:3000/node_modules/.vite/deps/react-dom_client.js?v=91e1b3db:20102
[  275386ms] [WARNING] You have set a custom wheel sensitivity.  This will make your app zoom unnaturally when using mainstream mice.  You should change this value from the default only if you can guarantee that all your users will use the same hardware and OS configuration as your current machine. @ http://localhost:3000/node_modules/.vite/deps/cytoscape.js?v=91e1b3db:1091
[  277732ms] [INFO] %cDownload the React DevTools for a better development experience: https://react.dev/link/react-devtools font-weight:bold @ http://localhost:3000/node_modules/.vite/deps/react-dom_client.js?v=91e1b3db:20102
[  278050ms] [WARNING] You have set a custom wheel sensitivity.  This will make your app zoom unnaturally when using mainstream mice.  You should change this value from the default only if you can guarantee that all your users will use the same hardware and OS configuration as your current machine. @ http://localhost:3000/node_modules/.vite/deps/cytoscape.js?v=91e1b3db:1091
[  288738ms] [LOG] DocumentViewer received: 15 Transformer Layers - Transformer层 content length: 48 @ http://localhost:3000/src/components/DocumentViewer.tsx:15
[  288752ms] [LOG] DocumentViewer received: 15 Transformer Layers - Transformer层 content length: 48 @ http://localhost:3000/src/components/DocumentViewer.tsx:15
[  325812ms] [INFO] %cDownload the React DevTools for a better development experience: https://react.dev/link/react-devtools font-weight:bold @ http://localhost:3000/node_modules/.vite/deps/react-dom_client.js?v=91e1b3db:20102
[  326136ms] [WARNING] You have set a custom wheel sensitivity.  This will make your app zoom unnaturally when using mainstream mice.  You should change this value from the default only if you can guarantee that all your users will use the same hardware and OS configuration as your current machine. @ http://localhost:3000/node_modules/.vite/deps/cytoscape.js?v=91e1b3db:1091
[  363870ms] [ERROR] Failed to load resource: the server responded with a status of 500 (Internal Server Error) @ http://localhost:3000/src/components/ExploreDialog.tsx?t=1777338749688:0
[  363870ms] [ERROR] [vite] Failed to reload /src/components/ExploreDialog.tsx. This could be due to syntax errors or importing non-existent modules. (see errors above) @ http://localhost:3000/@vite/client:881
[  402641ms] [INFO] %cDownload the React DevTools for a better development experience: https://react.dev/link/react-devtools font-weight:bold @ http://localhost:3000/node_modules/.vite/deps/react-dom_client.js?v=91e1b3db:20102
[  402969ms] [WARNING] You have set a custom wheel sensitivity.  This will make your app zoom unnaturally when using mainstream mice.  You should change this value from the default only if you can guarantee that all your users will use the same hardware and OS configuration as your current machine. @ http://localhost:3000/node_modules/.vite/deps/cytoscape.js?v=91e1b3db:1091
[  448573ms] [INFO] %cDownload the React DevTools for a better development experience: https://react.dev/link/react-devtools font-weight:bold @ http://localhost:3000/node_modules/.vite/deps/react-dom_client.js?v=91e1b3db:20102
[  448899ms] [WARNING] You have set a custom wheel sensitivity.  This will make your app zoom unnaturally when using mainstream mice.  You should change this value from the default only if you can guarantee that all your users will use the same hardware and OS configuration as your current machine. @ http://localhost:3000/node_modules/.vite/deps/cytoscape.js?v=91e1b3db:1091
[  473974ms] [INFO] %cDownload the React DevTools for a better development experience: https://react.dev/link/react-devtools font-weight:bold @ http://localhost:3000/node_modules/.vite/deps/react-dom_client.js?v=91e1b3db:20102
[  474298ms] [WARNING] You have set a custom wheel sensitivity.  This will make your app zoom unnaturally when using mainstream mice.  You should change this value from the default only if you can guarantee that all your users will use the same hardware and OS configuration as your current machine. @ http://localhost:3000/node_modules/.vite/deps/cytoscape.js?v=91e1b3db:1091
[  515221ms] [INFO] %cDownload the React DevTools for a better development experience: https://react.dev/link/react-devtools font-weight:bold @ http://localhost:3000/node_modules/.vite/deps/react-dom_client.js?v=91e1b3db:20102
[  515547ms] [WARNING] You have set a custom wheel sensitivity.  This will make your app zoom unnaturally when using mainstream mice.  You should change this value from the default only if you can guarantee that all your users will use the same hardware and OS configuration as your current machine. @ http://localhost:3000/node_modules/.vite/deps/cytoscape.js?v=91e1b3db:1091
[  516914ms] [LOG] Toolbar: switching to knowledge-graph @ http://localhost:3000/src/components/Toolbar.tsx:13
