[     400ms] [INFO] %cDownload the React DevTools for a better development experience: https://react.dev/link/react-devtools font-weight:bold @ http://localhost:5174/node_modules/.vite/deps/react-dom_client.js?v=91e1b3db:20102
[     523ms] [ERROR] Failed to load resource: the server responded with a status of 404 (Not Found) @ http://localhost:5174/favicon.ico:0
[     807ms] [WARNING] You have set a custom wheel sensitivity.  This will make your app zoom unnaturally when using mainstream mice.  You should change this value from the default only if you can guarantee that all your users will use the same hardware and OS configuration as your current machine. @ http://localhost:5174/node_modules/.vite/deps/cytoscape.js?v=91e1b3db:1091
[    5230ms] [LOG] DocumentViewer received: 36 Prefill - 预填充 content length: 32 @ http://localhost:5174/src/components/DocumentViewer.tsx:15
[    5245ms] [LOG] DocumentViewer received: 36 Prefill - 预填充 content length: 32 @ http://localhost:5174/src/components/DocumentViewer.tsx:15
[   40103ms] [INFO] %cDownload the React DevTools for a better development experience: https://react.dev/link/react-devtools font-weight:bold @ http://localhost:5174/node_modules/.vite/deps/react-dom_client.js?v=91e1b3db:20102
[   40433ms] [WARNING] You have set a custom wheel sensitivity.  This will make your app zoom unnaturally when using mainstream mice.  You should change this value from the default only if you can guarantee that all your users will use the same hardware and OS configuration as your current machine. @ http://localhost:5174/node_modules/.vite/deps/cytoscape.js?v=91e1b3db:1091
[   46163ms] [LOG] DocumentViewer received: 36 Prefill - 预填充 content length: 32 @ :6
[   46176ms] [LOG] DocumentViewer received: 36 Prefill - 预填充 content length: 32 @ :6
[  125761ms] ReferenceError: setActionConcept is not defined
    at onClick (http://localhost:5174/src/components/KnowledgeGraphView.tsx?t=1777355569518:59:15)
    at executeDispatch (http://localhost:5174/node_modules/.vite/deps/react-dom_client.js?v=91e1b3db:13622:11)
    at runWithFiberInDEV (http://localhost:5174/node_modules/.vite/deps/react-dom_client.js?v=91e1b3db:997:72)
    at processDispatchQueue (http://localhost:5174/node_modules/.vite/deps/react-dom_client.js?v=91e1b3db:13658:37)
    at http://localhost:5174/node_modules/.vite/deps/react-dom_client.js?v=91e1b3db:14071:11
    at batchedUpdates$1 (http://localhost:5174/node_modules/.vite/deps/react-dom_client.js?v=91e1b3db:2626:42)
    at dispatchEventForPluginEventSystem (http://localhost:5174/node_modules/.vite/deps/react-dom_client.js?v=91e1b3db:13763:9)
    at dispatchEvent (http://localhost:5174/node_modules/.vite/deps/react-dom_client.js?v=91e1b3db:16784:13)
    at dispatchDiscreteEvent (http://localhost:5174/node_modules/.vite/deps/react-dom_client.js?v=91e1b3db:16765:62)
[  160224ms] ReferenceError: setActionConcept is not defined
    at onClick (http://localhost:5174/src/components/KnowledgeGraphView.tsx?t=1777355569518:59:15)
    at executeDispatch (http://localhost:5174/node_modules/.vite/deps/react-dom_client.js?v=91e1b3db:13622:11)
    at runWithFiberInDEV (http://localhost:5174/node_modules/.vite/deps/react-dom_client.js?v=91e1b3db:997:72)
    at processDispatchQueue (http://localhost:5174/node_modules/.vite/deps/react-dom_client.js?v=91e1b3db:13658:37)
    at http://localhost:5174/node_modules/.vite/deps/react-dom_client.js?v=91e1b3db:14071:11
    at batchedUpdates$1 (http://localhost:5174/node_modules/.vite/deps/react-dom_client.js?v=91e1b3db:2626:42)
    at dispatchEventForPluginEventSystem (http://localhost:5174/node_modules/.vite/deps/react-dom_client.js?v=91e1b3db:13763:9)
    at dispatchEvent (http://localhost:5174/node_modules/.vite/deps/react-dom_client.js?v=91e1b3db:16784:13)
    at dispatchDiscreteEvent (http://localhost:5174/node_modules/.vite/deps/react-dom_client.js?v=91e1b3db:16765:62)
[  177611ms] ReferenceError: setActionConcept is not defined
    at onClick (http://localhost:5174/src/components/KnowledgeGraphView.tsx?t=1777355569518:59:15)
    at executeDispatch (http://localhost:5174/node_modules/.vite/deps/react-dom_client.js?v=91e1b3db:13622:11)
    at runWithFiberInDEV (http://localhost:5174/node_modules/.vite/deps/react-dom_client.js?v=91e1b3db:997:72)
    at processDispatchQueue (http://localhost:5174/node_modules/.vite/deps/react-dom_client.js?v=91e1b3db:13658:37)
    at http://localhost:5174/node_modules/.vite/deps/react-dom_client.js?v=91e1b3db:14071:11
    at batchedUpdates$1 (http://localhost:5174/node_modules/.vite/deps/react-dom_client.js?v=91e1b3db:2626:42)
    at dispatchEventForPluginEventSystem (http://localhost:5174/node_modules/.vite/deps/react-dom_client.js?v=91e1b3db:13763:9)
    at dispatchEvent (http://localhost:5174/node_modules/.vite/deps/react-dom_client.js?v=91e1b3db:16784:13)
    at dispatchDiscreteEvent (http://localhost:5174/node_modules/.vite/deps/react-dom_client.js?v=91e1b3db:16765:62)
    at eval (eval at <anonymous> (eval at evaluate (:302:30)), <anonymous>:11:8)
[  261851ms] ReferenceError: setActionConcept is not defined
    at onClick (http://localhost:5174/src/components/KnowledgeGraphView.tsx?t=1777355710815:26:15)
    at executeDispatch (http://localhost:5174/node_modules/.vite/deps/react-dom_client.js?v=91e1b3db:13622:11)
    at runWithFiberInDEV (http://localhost:5174/node_modules/.vite/deps/react-dom_client.js?v=91e1b3db:997:72)
    at processDispatchQueue (http://localhost:5174/node_modules/.vite/deps/react-dom_client.js?v=91e1b3db:13658:37)
    at http://localhost:5174/node_modules/.vite/deps/react-dom_client.js?v=91e1b3db:14071:11
    at batchedUpdates$1 (http://localhost:5174/node_modules/.vite/deps/react-dom_client.js?v=91e1b3db:2626:42)
    at dispatchEventForPluginEventSystem (http://localhost:5174/node_modules/.vite/deps/react-dom_client.js?v=91e1b3db:13763:9)
    at dispatchEvent (http://localhost:5174/node_modules/.vite/deps/react-dom_client.js?v=91e1b3db:16784:13)
    at dispatchDiscreteEvent (http://localhost:5174/node_modules/.vite/deps/react-dom_client.js?v=91e1b3db:16765:62)
[  262551ms] ReferenceError: setActionConcept is not defined
    at onClick (http://localhost:5174/src/components/KnowledgeGraphView.tsx?t=1777355710815:26:15)
    at executeDispatch (http://localhost:5174/node_modules/.vite/deps/react-dom_client.js?v=91e1b3db:13622:11)
    at runWithFiberInDEV (http://localhost:5174/node_modules/.vite/deps/react-dom_client.js?v=91e1b3db:997:72)
    at processDispatchQueue (http://localhost:5174/node_modules/.vite/deps/react-dom_client.js?v=91e1b3db:13658:37)
    at http://localhost:5174/node_modules/.vite/deps/react-dom_client.js?v=91e1b3db:14071:11
    at batchedUpdates$1 (http://localhost:5174/node_modules/.vite/deps/react-dom_client.js?v=91e1b3db:2626:42)
    at dispatchEventForPluginEventSystem (http://localhost:5174/node_modules/.vite/deps/react-dom_client.js?v=91e1b3db:13763:9)
    at dispatchEvent (http://localhost:5174/node_modules/.vite/deps/react-dom_client.js?v=91e1b3db:16784:13)
    at dispatchDiscreteEvent (http://localhost:5174/node_modules/.vite/deps/react-dom_client.js?v=91e1b3db:16765:62)
[  263401ms] ReferenceError: setActionConcept is not defined
    at onClick (http://localhost:5174/src/components/KnowledgeGraphView.tsx?t=1777355710815:59:15)
    at executeDispatch (http://localhost:5174/node_modules/.vite/deps/react-dom_client.js?v=91e1b3db:13622:11)
    at runWithFiberInDEV (http://localhost:5174/node_modules/.vite/deps/react-dom_client.js?v=91e1b3db:997:72)
    at processDispatchQueue (http://localhost:5174/node_modules/.vite/deps/react-dom_client.js?v=91e1b3db:13658:37)
    at http://localhost:5174/node_modules/.vite/deps/react-dom_client.js?v=91e1b3db:14071:11
    at batchedUpdates$1 (http://localhost:5174/node_modules/.vite/deps/react-dom_client.js?v=91e1b3db:2626:42)
    at dispatchEventForPluginEventSystem (http://localhost:5174/node_modules/.vite/deps/react-dom_client.js?v=91e1b3db:13763:9)
    at dispatchEvent (http://localhost:5174/node_modules/.vite/deps/react-dom_client.js?v=91e1b3db:16784:13)
    at dispatchDiscreteEvent (http://localhost:5174/node_modules/.vite/deps/react-dom_client.js?v=91e1b3db:16765:62)
[  263967ms] ReferenceError: setActionConcept is not defined
    at onClick (http://localhost:5174/src/components/KnowledgeGraphView.tsx?t=1777355710815:59:15)
    at executeDispatch (http://localhost:5174/node_modules/.vite/deps/react-dom_client.js?v=91e1b3db:13622:11)
    at runWithFiberInDEV (http://localhost:5174/node_modules/.vite/deps/react-dom_client.js?v=91e1b3db:997:72)
    at processDispatchQueue (http://localhost:5174/node_modules/.vite/deps/react-dom_client.js?v=91e1b3db:13658:37)
    at http://localhost:5174/node_modules/.vite/deps/react-dom_client.js?v=91e1b3db:14071:11
    at batchedUpdates$1 (http://localhost:5174/node_modules/.vite/deps/react-dom_client.js?v=91e1b3db:2626:42)
    at dispatchEventForPluginEventSystem (http://localhost:5174/node_modules/.vite/deps/react-dom_client.js?v=91e1b3db:13763:9)
    at dispatchEvent (http://localhost:5174/node_modules/.vite/deps/react-dom_client.js?v=91e1b3db:16784:13)
    at dispatchDiscreteEvent (http://localhost:5174/node_modules/.vite/deps/react-dom_client.js?v=91e1b3db:16765:62)
