[   18306ms] [INFO] %cDownload the React DevTools for a better development experience: https://react.dev/link/react-devtools font-weight:bold @ http://localhost:3000/node_modules/.vite/deps/react-dom_client.js?v=1c3da450:20102
[   18390ms] [WARNING] You have set a custom wheel sensitivity.  This will make your app zoom unnaturally when using mainstream mice.  You should change this value from the default only if you can guarantee that all your users will use the same hardware and OS configuration as your current machine. @ http://localhost:3000/node_modules/.vite/deps/cytoscape.js?v=1c3da450:1091
[   18528ms] [WARNING] You have set a custom wheel sensitivity.  This will make your app zoom unnaturally when using mainstream mice.  You should change this value from the default only if you can guarantee that all your users will use the same hardware and OS configuration as your current machine. @ http://localhost:3000/node_modules/.vite/deps/cytoscape.js?v=1c3da450:1091
[   21404ms] [LOG] Toolbar: switching to documents @ http://localhost:3000/src/components/Toolbar.tsx:13
[   22553ms] [LOG] DocumentViewer received: Model/14-embedding.md 14-embedding content length: 3261 @ http://localhost:3000/src/components/DocumentViewer.tsx:18
[   22578ms] [LOG] DocumentViewer received: Model/14-embedding.md 14-embedding content length: 3261 @ http://localhost:3000/src/components/DocumentViewer.tsx:18
[   66336ms] [INFO] %cDownload the React DevTools for a better development experience: https://react.dev/link/react-devtools font-weight:bold @ http://localhost:3000/node_modules/.vite/deps/react-dom_client.js?v=1c3da450:20102
[   66369ms] [WARNING] You have set a custom wheel sensitivity.  This will make your app zoom unnaturally when using mainstream mice.  You should change this value from the default only if you can guarantee that all your users will use the same hardware and OS configuration as your current machine. @ http://localhost:3000/node_modules/.vite/deps/cytoscape.js?v=1c3da450:1091
[   66499ms] [WARNING] You have set a custom wheel sensitivity.  This will make your app zoom unnaturally when using mainstream mice.  You should change this value from the default only if you can guarantee that all your users will use the same hardware and OS configuration as your current machine. @ http://localhost:3000/node_modules/.vite/deps/cytoscape.js?v=1c3da450:1091
[   69403ms] [LOG] Toolbar: switching to documents @ http://localhost:3000/src/components/Toolbar.tsx:13
[   70536ms] [LOG] DocumentViewer received: Model/14-embedding.md 14-embedding content length: 3261 @ http://localhost:3000/src/components/DocumentViewer.tsx?t=1777527039402:18
[   70536ms] [LOG] eqFix: found 6 standalone = lines, content length: 3261 @ http://localhost:3000/src/components/DocumentViewer.tsx?t=1777527039402:24
[   70559ms] [LOG] DocumentViewer received: Model/14-embedding.md 14-embedding content length: 3261 @ http://localhost:3000/src/components/DocumentViewer.tsx?t=1777527039402:18
[   70559ms] [LOG] eqFix: found 6 standalone = lines, content length: 3261 @ http://localhost:3000/src/components/DocumentViewer.tsx?t=1777527039402:24
[  115473ms] [INFO] %cDownload the React DevTools for a better development experience: https://react.dev/link/react-devtools font-weight:bold @ http://localhost:3000/node_modules/.vite/deps/react-dom_client.js?v=1c3da450:20102
[  115503ms] [WARNING] You have set a custom wheel sensitivity.  This will make your app zoom unnaturally when using mainstream mice.  You should change this value from the default only if you can guarantee that all your users will use the same hardware and OS configuration as your current machine. @ http://localhost:3000/node_modules/.vite/deps/cytoscape.js?v=1c3da450:1091
[  115598ms] [WARNING] You have set a custom wheel sensitivity.  This will make your app zoom unnaturally when using mainstream mice.  You should change this value from the default only if you can guarantee that all your users will use the same hardware and OS configuration as your current machine. @ http://localhost:3000/node_modules/.vite/deps/cytoscape.js?v=1c3da450:1091
[  118536ms] [LOG] Toolbar: switching to documents @ http://localhost:3000/src/components/Toolbar.tsx:13
[  119669ms] [LOG] DocumentViewer received: Model/14-embedding.md 14-embedding content length: 3261 @ http://localhost:3000/src/components/DocumentViewer.tsx?t=1777527091619:18
[  119690ms] [LOG] DocumentViewer received: Model/14-embedding.md 14-embedding content length: 3261 @ http://localhost:3000/src/components/DocumentViewer.tsx?t=1777527091619:18
[  238733ms] [INFO] %cDownload the React DevTools for a better development experience: https://react.dev/link/react-devtools font-weight:bold @ http://localhost:3000/node_modules/.vite/deps/react-dom_client.js?v=1c3da450:20102
[  238773ms] [WARNING] You have set a custom wheel sensitivity.  This will make your app zoom unnaturally when using mainstream mice.  You should change this value from the default only if you can guarantee that all your users will use the same hardware and OS configuration as your current machine. @ http://localhost:3000/node_modules/.vite/deps/cytoscape.js?v=1c3da450:1091
[  238870ms] [WARNING] You have set a custom wheel sensitivity.  This will make your app zoom unnaturally when using mainstream mice.  You should change this value from the default only if you can guarantee that all your users will use the same hardware and OS configuration as your current machine. @ http://localhost:3000/node_modules/.vite/deps/cytoscape.js?v=1c3da450:1091
[  241802ms] [LOG] Toolbar: switching to documents @ http://localhost:3000/src/components/Toolbar.tsx:13
[  242938ms] [LOG] DocumentViewer received: Model/14-embedding.md 14-embedding content length: 3261 @ http://localhost:3000/src/components/DocumentViewer.tsx?t=1777527214397:18
[  242959ms] [LOG] DocumentViewer received: Model/14-embedding.md 14-embedding content length: 3261 @ http://localhost:3000/src/components/DocumentViewer.tsx?t=1777527214397:18
[  373693ms] [INFO] %cDownload the React DevTools for a better development experience: https://react.dev/link/react-devtools font-weight:bold @ http://localhost:3000/node_modules/.vite/deps/react-dom_client.js?v=1c3da450:20102
[  373725ms] [WARNING] You have set a custom wheel sensitivity.  This will make your app zoom unnaturally when using mainstream mice.  You should change this value from the default only if you can guarantee that all your users will use the same hardware and OS configuration as your current machine. @ http://localhost:3000/node_modules/.vite/deps/cytoscape.js?v=1c3da450:1091
[  373868ms] [WARNING] You have set a custom wheel sensitivity.  This will make your app zoom unnaturally when using mainstream mice.  You should change this value from the default only if you can guarantee that all your users will use the same hardware and OS configuration as your current machine. @ http://localhost:3000/node_modules/.vite/deps/cytoscape.js?v=1c3da450:1091
[  376747ms] [LOG] Toolbar: switching to documents @ http://localhost:3000/src/components/Toolbar.tsx:13
[  377881ms] [LOG] DocumentViewer received: Model/14-embedding.md 14-embedding content length: 3261 @ http://localhost:3000/src/components/DocumentViewer.tsx?t=1777527214397:18
[  377902ms] [LOG] DocumentViewer received: Model/14-embedding.md 14-embedding content length: 3261 @ http://localhost:3000/src/components/DocumentViewer.tsx?t=1777527214397:18
[  473781ms] [INFO] %cDownload the React DevTools for a better development experience: https://react.dev/link/react-devtools font-weight:bold @ http://localhost:3000/node_modules/.vite/deps/react-dom_client.js?v=1c3da450:20102
[  473808ms] [WARNING] You have set a custom wheel sensitivity.  This will make your app zoom unnaturally when using mainstream mice.  You should change this value from the default only if you can guarantee that all your users will use the same hardware and OS configuration as your current machine. @ http://localhost:3000/node_modules/.vite/deps/cytoscape.js?v=1c3da450:1091
[  473921ms] [WARNING] You have set a custom wheel sensitivity.  This will make your app zoom unnaturally when using mainstream mice.  You should change this value from the default only if you can guarantee that all your users will use the same hardware and OS configuration as your current machine. @ http://localhost:3000/node_modules/.vite/deps/cytoscape.js?v=1c3da450:1091
[  486642ms] [INFO] %cDownload the React DevTools for a better development experience: https://react.dev/link/react-devtools font-weight:bold @ http://localhost:3000/node_modules/.vite/deps/react-dom_client.js?v=1c3da450:20102
[  486663ms] [WARNING] You have set a custom wheel sensitivity.  This will make your app zoom unnaturally when using mainstream mice.  You should change this value from the default only if you can guarantee that all your users will use the same hardware and OS configuration as your current machine. @ http://localhost:3000/node_modules/.vite/deps/cytoscape.js?v=1c3da450:1091
[  486763ms] [WARNING] You have set a custom wheel sensitivity.  This will make your app zoom unnaturally when using mainstream mice.  You should change this value from the default only if you can guarantee that all your users will use the same hardware and OS configuration as your current machine. @ http://localhost:3000/node_modules/.vite/deps/cytoscape.js?v=1c3da450:1091
[  488698ms] [LOG] Toolbar: switching to documents @ http://localhost:3000/src/components/Toolbar.tsx:13
[  489831ms] [LOG] DocumentViewer received: Model/14-embedding.md 14-embedding content length: 3261 @ http://localhost:3000/src/components/DocumentViewer.tsx?t=1777527214397:18
[  489852ms] [LOG] DocumentViewer received: Model/14-embedding.md 14-embedding content length: 3261 @ http://localhost:3000/src/components/DocumentViewer.tsx?t=1777527214397:18
[  528142ms] [INFO] %cDownload the React DevTools for a better development experience: https://react.dev/link/react-devtools font-weight:bold @ http://localhost:3000/node_modules/.vite/deps/react-dom_client.js?v=1c3da450:20102
[  528169ms] [WARNING] You have set a custom wheel sensitivity.  This will make your app zoom unnaturally when using mainstream mice.  You should change this value from the default only if you can guarantee that all your users will use the same hardware and OS configuration as your current machine. @ http://localhost:3000/node_modules/.vite/deps/cytoscape.js?v=1c3da450:1091
[  528276ms] [WARNING] You have set a custom wheel sensitivity.  This will make your app zoom unnaturally when using mainstream mice.  You should change this value from the default only if you can guarantee that all your users will use the same hardware and OS configuration as your current machine. @ http://localhost:3000/node_modules/.vite/deps/cytoscape.js?v=1c3da450:1091
[  531196ms] [LOG] Toolbar: switching to documents @ http://localhost:3000/src/components/Toolbar.tsx:13
[  532332ms] [LOG] DocumentViewer received: Model/14-embedding.md 14-embedding content length: 3261 @ http://localhost:3000/src/components/DocumentViewer.tsx?t=1777527214397:18
[  532352ms] [LOG] DocumentViewer received: Model/14-embedding.md 14-embedding content length: 3261 @ http://localhost:3000/src/components/DocumentViewer.tsx?t=1777527214397:18
[  734079ms] [INFO] %cDownload the React DevTools for a better development experience: https://react.dev/link/react-devtools font-weight:bold @ http://localhost:3000/node_modules/.vite/deps/react-dom_client.js?v=1c3da450:20102
[  734117ms] [WARNING] You have set a custom wheel sensitivity.  This will make your app zoom unnaturally when using mainstream mice.  You should change this value from the default only if you can guarantee that all your users will use the same hardware and OS configuration as your current machine. @ http://localhost:3000/node_modules/.vite/deps/cytoscape.js?v=1c3da450:1091
[  734213ms] [WARNING] You have set a custom wheel sensitivity.  This will make your app zoom unnaturally when using mainstream mice.  You should change this value from the default only if you can guarantee that all your users will use the same hardware and OS configuration as your current machine. @ http://localhost:3000/node_modules/.vite/deps/cytoscape.js?v=1c3da450:1091
[  737162ms] [LOG] Toolbar: switching to documents @ http://localhost:3000/src/components/Toolbar.tsx:13
[  738298ms] [LOG] DocumentViewer received: Model/14-embedding.md 14-embedding content length: 3261 @ http://localhost:3000/src/components/DocumentViewer.tsx?t=1777527214397:18
[  738319ms] [LOG] DocumentViewer received: Model/14-embedding.md 14-embedding content length: 3261 @ http://localhost:3000/src/components/DocumentViewer.tsx?t=1777527214397:18
[  794699ms] [INFO] %cDownload the React DevTools for a better development experience: https://react.dev/link/react-devtools font-weight:bold @ http://localhost:3000/node_modules/.vite/deps/react-dom_client.js?v=1c3da450:20102
[  794727ms] [WARNING] You have set a custom wheel sensitivity.  This will make your app zoom unnaturally when using mainstream mice.  You should change this value from the default only if you can guarantee that all your users will use the same hardware and OS configuration as your current machine. @ http://localhost:3000/node_modules/.vite/deps/cytoscape.js?v=1c3da450:1091
[  794838ms] [WARNING] You have set a custom wheel sensitivity.  This will make your app zoom unnaturally when using mainstream mice.  You should change this value from the default only if you can guarantee that all your users will use the same hardware and OS configuration as your current machine. @ http://localhost:3000/node_modules/.vite/deps/cytoscape.js?v=1c3da450:1091
[  812510ms] [INFO] %cDownload the React DevTools for a better development experience: https://react.dev/link/react-devtools font-weight:bold @ http://localhost:3000/node_modules/.vite/deps/react-dom_client.js?v=1c3da450:20102
[  812533ms] [WARNING] You have set a custom wheel sensitivity.  This will make your app zoom unnaturally when using mainstream mice.  You should change this value from the default only if you can guarantee that all your users will use the same hardware and OS configuration as your current machine. @ http://localhost:3000/node_modules/.vite/deps/cytoscape.js?v=1c3da450:1091
[  812654ms] [WARNING] You have set a custom wheel sensitivity.  This will make your app zoom unnaturally when using mainstream mice.  You should change this value from the default only if you can guarantee that all your users will use the same hardware and OS configuration as your current machine. @ http://localhost:3000/node_modules/.vite/deps/cytoscape.js?v=1c3da450:1091
[  815561ms] [LOG] Toolbar: switching to documents @ http://localhost:3000/src/components/Toolbar.tsx:13
[  816697ms] [LOG] DocumentViewer received: Model/14-embedding.md 14-embedding content length: 3261 @ http://localhost:3000/src/components/DocumentViewer.tsx?t=1777527214397:18
[  816718ms] [LOG] DocumentViewer received: Model/14-embedding.md 14-embedding content length: 3261 @ http://localhost:3000/src/components/DocumentViewer.tsx?t=1777527214397:18
