[     101ms] [INFO] %cDownload the React DevTools for a better development experience: https://react.dev/link/react-devtools font-weight:bold @ http://localhost:3002/node_modules/.vite/deps/react-dom_client.js?v=e30240b8:20102
[     140ms] [WARNING] You have set a custom wheel sensitivity.  This will make your app zoom unnaturally when using mainstream mice.  You should change this value from the default only if you can guarantee that all your users will use the same hardware and OS configuration as your current machine. @ http://localhost:3002/node_modules/.vite/deps/cytoscape.js?v=e30240b8:1091
[     227ms] TypeError: Cannot read properties of null (reading 'isHeadless')
    at Core2.headless (http://localhost:3002/node_modules/.vite/deps/cytoscape.js?v=e30240b8:16795:35)
    at boundingBoxImpl2 (http://localhost:3002/node_modules/.vite/deps/cytoscape.js?v=e30240b8:9141:22)
    at cachedBoundingBoxImpl2 (http://localhost:3002/node_modules/.vite/deps/cytoscape.js?v=e30240b8:9379:10)
    at elesfn$b.boundingBox (http://localhost:3002/node_modules/.vite/deps/cytoscape.js?v=e30240b8:9463:36)
    at Layout2.run (http://localhost:3002/node_modules/.vite/deps/cytoscape-fcose.js?v=e30240b8:7058:58)
    at http://localhost:3002/src/components/KnowledgeGraph.tsx:284:12
    at Object.react_stack_bottom_frame (http://localhost:3002/node_modules/.vite/deps/react-dom_client.js?v=e30240b8:18567:20)
    at runWithFiberInDEV (http://localhost:3002/node_modules/.vite/deps/react-dom_client.js?v=e30240b8:997:72)
    at commitHookEffectListMount (http://localhost:3002/node_modules/.vite/deps/react-dom_client.js?v=e30240b8:9411:163)
    at commitHookPassiveMountEffects (http://localhost:3002/node_modules/.vite/deps/react-dom_client.js?v=e30240b8:9465:60)
[     226ms] [WARNING] %s

%s
 An error occurred in the <KnowledgeGraph> component. Consider adding an error boundary to your tree to customize error handling behavior.
Visit https://react.dev/link/error-boundaries to learn more about error boundaries. @ http://localhost:3002/node_modules/.vite/deps/react-dom_client.js?v=e30240b8:6965
[     228ms] [ERROR] Failed to load resource: the server responded with a status of 500 (Internal Server Error) @ http://localhost:3002/api/documents:0
[     228ms] [ERROR] Failed to load resource: the server responded with a status of 500 (Internal Server Error) @ http://localhost:3002/api/documents:0
[  129503ms] [WARNING] You have set a custom wheel sensitivity.  This will make your app zoom unnaturally when using mainstream mice.  You should change this value from the default only if you can guarantee that all your users will use the same hardware and OS configuration as your current machine. @ http://localhost:3002/node_modules/.vite/deps/cytoscape.js?v=e30240b8:1091
[  129607ms] [WARNING] [KnowledgeGraph] incremental layout skipped: TypeError: Cannot read properties of null (reading 'isHeadless')
    at Core2.headless (http://localhost:3002/node_modules/.vite/deps/cytoscape.js?v=e30240b8:16795:35)
    at boundingBoxImpl2 (http://localhost:3002/node_modules/.vite/deps/cytoscape.js?v=e30240b8:9141:22)
    at cachedBoundingBoxImpl2 (http://localhost:3002/node_modules/.vite/deps/cytoscape.js?v=e30240b8:9379:10)
    at elesfn$b.boundingBox (http://localhost:3002/node_modules/.vite/deps/cytoscape.js?v=e30240b8:9463:36)
    at Layout2.run (http://localhost:3002/node_modules/.vite/deps/cytoscape-fcose.js?v=e30240b8:7058:58)
    at http://localhost:3002/src/components/KnowledgeGraph.tsx?t=1777453171478:285:14
    at Object.react_stack_bottom_frame (http://localhost:3002/node_modules/.vite/deps/react-dom_client.js?v=e30240b8:18567:20)
    at runWithFiberInDEV (http://localhost:3002/node_modules/.vite/deps/react-dom_client.js?v=e30240b8:997:72)
    at commitHookEffectListMount (http://localhost:3002/node_modules/.vite/deps/react-dom_client.js?v=e30240b8:9411:163)
    at commitHookPassiveMountEffects (http://localhost:3002/node_modules/.vite/deps/react-dom_client.js?v=e30240b8:9465:60) @ http://localhost:3002/src/components/KnowledgeGraph.tsx?t=1777453171478:286
[  129614ms] [ERROR] Failed to load resource: the server responded with a status of 500 (Internal Server Error) @ http://localhost:3002/api/documents:0
[  129615ms] [ERROR] Failed to load resource: the server responded with a status of 500 (Internal Server Error) @ http://localhost:3002/api/documents:0
[  134900ms] [ERROR] WebSocket connection to 'ws://localhost:3002/?token=TjS1DE6lxzbG' failed:  @ http://localhost:3002/@vite/client:801
[  134901ms] [LOG] [vite] server connection lost. Polling for restart... @ http://localhost:3002/@vite/client:963
[  134973ms] [ERROR] WebSocket connection to 'ws://localhost:3002/' failed: Error in connection establishment: net::ERR_CONNECTION_REFUSED @ http://localhost:3002/@vite/client:1034
[  135975ms] [ERROR] WebSocket connection to 'ws://localhost:3002/' failed: Error in connection establishment: net::ERR_CONNECTION_REFUSED @ http://localhost:3002/@vite/client:1034
[  136977ms] [ERROR] WebSocket connection to 'ws://localhost:3002/' failed: Error in connection establishment: net::ERR_CONNECTION_REFUSED @ http://localhost:3002/@vite/client:1034
[  137979ms] [ERROR] WebSocket connection to 'ws://localhost:3002/' failed: Error in connection establishment: net::ERR_CONNECTION_REFUSED @ http://localhost:3002/@vite/client:1034
[  138983ms] [ERROR] WebSocket connection to 'ws://localhost:3002/' failed: Error in connection establishment: net::ERR_CONNECTION_REFUSED @ http://localhost:3002/@vite/client:1034
[  139986ms] [ERROR] WebSocket connection to 'ws://localhost:3002/' failed: Error in connection establishment: net::ERR_CONNECTION_REFUSED @ http://localhost:3002/@vite/client:1034
[  140997ms] [ERROR] WebSocket connection to 'ws://localhost:3002/' failed: Error in connection establishment: net::ERR_CONNECTION_REFUSED @ http://localhost:3002/@vite/client:1034
[  142004ms] [ERROR] WebSocket connection to 'ws://localhost:3002/' failed: Error in connection establishment: net::ERR_CONNECTION_REFUSED @ http://localhost:3002/@vite/client:1034
[  143028ms] [ERROR] WebSocket connection to 'ws://localhost:3002/' failed: Error in connection establishment: net::ERR_CONNECTION_REFUSED @ http://localhost:3002/@vite/client:1034
[  144073ms] [ERROR] WebSocket connection to 'ws://localhost:3002/' failed: Error in connection establishment: net::ERR_CONNECTION_REFUSED @ http://localhost:3002/@vite/client:1034
[  146097ms] [INFO] %cDownload the React DevTools for a better development experience: https://react.dev/link/react-devtools font-weight:bold @ http://localhost:3002/node_modules/.vite/deps/react-dom_client.js?v=e30240b8:20102
[  146122ms] [WARNING] You have set a custom wheel sensitivity.  This will make your app zoom unnaturally when using mainstream mice.  You should change this value from the default only if you can guarantee that all your users will use the same hardware and OS configuration as your current machine. @ http://localhost:3002/node_modules/.vite/deps/cytoscape.js?v=e30240b8:1091
[  146227ms] [WARNING] [KnowledgeGraph] incremental layout skipped: TypeError: Cannot read properties of null (reading 'isHeadless')
    at Core2.headless (http://localhost:3002/node_modules/.vite/deps/cytoscape.js?v=e30240b8:16795:35)
    at boundingBoxImpl2 (http://localhost:3002/node_modules/.vite/deps/cytoscape.js?v=e30240b8:9141:22)
    at cachedBoundingBoxImpl2 (http://localhost:3002/node_modules/.vite/deps/cytoscape.js?v=e30240b8:9379:10)
    at elesfn$b.boundingBox (http://localhost:3002/node_modules/.vite/deps/cytoscape.js?v=e30240b8:9463:36)
    at Layout2.run (http://localhost:3002/node_modules/.vite/deps/cytoscape-fcose.js?v=e30240b8:7058:58)
    at http://localhost:3002/src/components/KnowledgeGraph.tsx:285:14
    at Object.react_stack_bottom_frame (http://localhost:3002/node_modules/.vite/deps/react-dom_client.js?v=e30240b8:18567:20)
    at runWithFiberInDEV (http://localhost:3002/node_modules/.vite/deps/react-dom_client.js?v=e30240b8:997:72)
    at commitHookEffectListMount (http://localhost:3002/node_modules/.vite/deps/react-dom_client.js?v=e30240b8:9411:163)
    at commitHookPassiveMountEffects (http://localhost:3002/node_modules/.vite/deps/react-dom_client.js?v=e30240b8:9465:60) @ http://localhost:3002/src/components/KnowledgeGraph.tsx:286
[  146258ms] [ERROR] Failed to load resource: the server responded with a status of 500 (Internal Server Error) @ http://localhost:3002/api/documents:0
[  146262ms] [ERROR] Failed to load resource: the server responded with a status of 500 (Internal Server Error) @ http://localhost:3002/api/documents:0
