[     250ms] [INFO] %cDownload the React DevTools for a better development experience: https://react.dev/link/react-devtools font-weight:bold @ http://localhost:5174/node_modules/.vite/deps/react-dom_client.js?v=91e1b3db:20102
[     348ms] [ERROR] Failed to load resource: the server responded with a status of 404 (Not Found) @ http://localhost:5174/favicon.ico:0
[  216278ms] [INFO] %cDownload the React DevTools for a better development experience: https://react.dev/link/react-devtools font-weight:bold @ http://localhost:5174/node_modules/.vite/deps/react-dom_client.js?v=91e1b3db:20102
[  228530ms] [WARNING] You have set a custom wheel sensitivity.  This will make your app zoom unnaturally when using mainstream mice.  You should change this value from the default only if you can guarantee that all your users will use the same hardware and OS configuration as your current machine. @ http://localhost:5174/node_modules/.vite/deps/cytoscape.js?v=91e1b3db:1091
[  228666ms] Error: Can not create second element with ID `e_0_1`
    at error2 (http://localhost:5174/node_modules/.vite/deps/cytoscape.js?v=91e1b3db:1078:9)
    at elesfn$1.restore (http://localhost:5174/node_modules/.vite/deps/cytoscape.js?v=91e1b3db:11856:7)
    at new Element2 (http://localhost:5174/node_modules/.vite/deps/cytoscape.js?v=91e1b3db:1423:10)
    at Core2.add2 [as add] (http://localhost:5174/node_modules/.vite/deps/cytoscape.js?v=91e1b3db:12193:18)
    at http://localhost:5174/src/components/KnowledgeGraph.tsx?t=1777359158480:242:12
    at Array.forEach (<anonymous>)
    at http://localhost:5174/src/components/KnowledgeGraph.tsx?t=1777359158480:238:11
    at Object.react_stack_bottom_frame (http://localhost:5174/node_modules/.vite/deps/react-dom_client.js?v=91e1b3db:18567:20)
    at runWithFiberInDEV (http://localhost:5174/node_modules/.vite/deps/react-dom_client.js?v=91e1b3db:997:72)
    at commitHookEffectListMount (http://localhost:5174/node_modules/.vite/deps/react-dom_client.js?v=91e1b3db:9411:163)
[  228664ms] [WARNING] %s

%s
 An error occurred in the <KnowledgeGraph> component. Consider adding an error boundary to your tree to customize error handling behavior.
Visit https://react.dev/link/error-boundaries to learn more about error boundaries. @ http://localhost:5174/node_modules/.vite/deps/react-dom_client.js?v=91e1b3db:6965
[  377983ms] [INFO] %cDownload the React DevTools for a better development experience: https://react.dev/link/react-devtools font-weight:bold @ http://localhost:5174/node_modules/.vite/deps/react-dom_client.js?v=91e1b3db:20102
[  390261ms] [LOG] Toolbar: switching to documents @ http://localhost:5174/src/components/Toolbar.tsx:13
[  391326ms] [LOG] Toolbar: switching to knowledge-graph @ http://localhost:5174/src/components/Toolbar.tsx:13
[  391334ms] [WARNING] You have set a custom wheel sensitivity.  This will make your app zoom unnaturally when using mainstream mice.  You should change this value from the default only if you can guarantee that all your users will use the same hardware and OS configuration as your current machine. @ http://localhost:5174/node_modules/.vite/deps/cytoscape.js?v=91e1b3db:1091
[  391390ms] Error: Can not create second element with ID `e_0_1`
    at error2 (http://localhost:5174/node_modules/.vite/deps/cytoscape.js?v=91e1b3db:1078:9)
    at elesfn$1.restore (http://localhost:5174/node_modules/.vite/deps/cytoscape.js?v=91e1b3db:11856:7)
    at new Element2 (http://localhost:5174/node_modules/.vite/deps/cytoscape.js?v=91e1b3db:1423:10)
    at Core2.add2 [as add] (http://localhost:5174/node_modules/.vite/deps/cytoscape.js?v=91e1b3db:12193:18)
    at http://localhost:5174/src/components/KnowledgeGraph.tsx?t=1777359158480:242:12
    at Array.forEach (<anonymous>)
    at http://localhost:5174/src/components/KnowledgeGraph.tsx?t=1777359158480:238:11
    at Object.react_stack_bottom_frame (http://localhost:5174/node_modules/.vite/deps/react-dom_client.js?v=91e1b3db:18567:20)
    at runWithFiberInDEV (http://localhost:5174/node_modules/.vite/deps/react-dom_client.js?v=91e1b3db:997:72)
    at commitHookEffectListMount (http://localhost:5174/node_modules/.vite/deps/react-dom_client.js?v=91e1b3db:9411:163)
[  391390ms] [WARNING] %s

%s
 An error occurred in the <KnowledgeGraph> component. Consider adding an error boundary to your tree to customize error handling behavior.
Visit https://react.dev/link/error-boundaries to learn more about error boundaries. @ http://localhost:5174/node_modules/.vite/deps/react-dom_client.js?v=91e1b3db:6965
[  391390ms] Error: Can not create second element with ID `e_0_1`
    at error2 (http://localhost:5174/node_modules/.vite/deps/cytoscape.js?v=91e1b3db:1078:9)
    at elesfn$1.restore (http://localhost:5174/node_modules/.vite/deps/cytoscape.js?v=91e1b3db:11856:7)
    at new Element2 (http://localhost:5174/node_modules/.vite/deps/cytoscape.js?v=91e1b3db:1423:10)
    at Core2.add2 [as add] (http://localhost:5174/node_modules/.vite/deps/cytoscape.js?v=91e1b3db:12193:18)
    at http://localhost:5174/src/components/KnowledgeGraph.tsx?t=1777359158480:242:12
    at Array.forEach (<anonymous>)
    at http://localhost:5174/src/components/KnowledgeGraph.tsx?t=1777359158480:238:11
    at Object.react_stack_bottom_frame (http://localhost:5174/node_modules/.vite/deps/react-dom_client.js?v=91e1b3db:18567:20)
    at runWithFiberInDEV (http://localhost:5174/node_modules/.vite/deps/react-dom_client.js?v=91e1b3db:997:72)
    at commitHookEffectListMount (http://localhost:5174/node_modules/.vite/deps/react-dom_client.js?v=91e1b3db:9411:163)
[  391390ms] [WARNING] %s

%s
 An error occurred in the <KnowledgeGraph> component. Consider adding an error boundary to your tree to customize error handling behavior.
Visit https://react.dev/link/error-boundaries to learn more about error boundaries. @ http://localhost:5174/node_modules/.vite/deps/react-dom_client.js?v=91e1b3db:6965
[  394182ms] [INFO] %cDownload the React DevTools for a better development experience: https://react.dev/link/react-devtools font-weight:bold @ http://localhost:5174/node_modules/.vite/deps/react-dom_client.js?v=91e1b3db:20102
