Total messages: 7 (Errors: 2, Warnings: 2)

[ERROR] Failed to load resource: the server responded with a status of 404 (Not Found) @ http://localhost:3001/favicon.ico:0
[ERROR] The result of getSnapshot should be cached to avoid an infinite loop @ http://localhost:3001/node_modules/.vite/deps/react-dom_client.js?v=e30240b8:6001
[ERROR] The result of getSnapshot should be cached to avoid an infinite loop @ http://localhost:3001/node_modules/.vite/deps/react-dom_client.js?v=e30240b8:6001
[ERROR] The result of getSnapshot should be cached to avoid an infinite loop @ http://localhost:3001/node_modules/.vite/deps/react-dom_client.js?v=e30240b8:6001
Error: Maximum update depth exceeded. This can happen when a component repeatedly calls setState inside componentWillUpdate or componentDidUpdate. React limits the number of nested updates to prevent infinite loops.
    at getRootForUpdatedFiber (http://localhost:3001/node_modules/.vite/deps/react-dom_client.js?v=e30240b8:3526:128)
    at enqueueConcurrentRenderForLane (http://localhost:3001/node_modules/.vite/deps/react-dom_client.js?v=e30240b8:3514:16)
    at forceStoreRerender (http://localhost:3001/node_modules/.vite/deps/react-dom_client.js?v=e30240b8:6104:21)
    at updateStoreInstance (http://localhost:3001/node_modules/.vite/deps/react-dom_client.js?v=e30240b8:6086:41)
    at Object.react_stack_bottom_frame (http://localhost:3001/node_modules/.vite/deps/react-dom_client.js?v=e30240b8:18567:20)
    at runWithFiberInDEV (http://localhost:3001/node_modules/.vite/deps/react-dom_client.js?v=e30240b8:997:72)
    at commitHookEffectListMount (http://localhost:3001/node_modules/.vite/deps/react-dom_client.js?v=e30240b8:9411:163)
    at commitHookPassiveMountEffects (http://localhost:3001/node_modules/.vite/deps/react-dom_client.js?v=e30240b8:9465:60)
    at commitPassiveMountOnFiber (http://localhost:3001/node_modules/.vite/deps/react-dom_client.js?v=e30240b8:11040:29)
    at recursivelyTraversePassiveMountEffects (http://localhost:3001/node_modules/.vite/deps/react-dom_client.js?v=e30240b8:11010:13)
Error: Maximum update depth exceeded. This can happen when a component repeatedly calls setState inside componentWillUpdate or componentDidUpdate. React limits the number of nested updates to prevent infinite loops.
    at getRootForUpdatedFiber (http://localhost:3001/node_modules/.vite/deps/react-dom_client.js?v=e30240b8:3526:128)
    at enqueueConcurrentRenderForLane (http://localhost:3001/node_modules/.vite/deps/react-dom_client.js?v=e30240b8:3514:16)
    at forceStoreRerender (http://localhost:3001/node_modules/.vite/deps/react-dom_client.js?v=e30240b8:6104:21)
    at updateStoreInstance (http://localhost:3001/node_modules/.vite/deps/react-dom_client.js?v=e30240b8:6086:41)
    at Object.react_stack_bottom_frame (http://localhost:3001/node_modules/.vite/deps/react-dom_client.js?v=e30240b8:18567:20)
    at runWithFiberInDEV (http://localhost:3001/node_modules/.vite/deps/react-dom_client.js?v=e30240b8:997:72)
    at commitHookEffectListMount (http://localhost:3001/node_modules/.vite/deps/react-dom_client.js?v=e30240b8:9411:163)
    at commitHookPassiveMountEffects (http://localhost:3001/node_modules/.vite/deps/react-dom_client.js?v=e30240b8:9465:60)
    at commitPassiveMountOnFiber (http://localhost:3001/node_modules/.vite/deps/react-dom_client.js?v=e30240b8:11040:29)
    at recursivelyTraversePassiveMountEffects (http://localhost:3001/node_modules/.vite/deps/react-dom_client.js?v=e30240b8:11010:13)
Error: Maximum update depth exceeded. This can happen when a component repeatedly calls setState inside componentWillUpdate or componentDidUpdate. React limits the number of nested updates to prevent infinite loops.
    at getRootForUpdatedFiber (http://localhost:3001/node_modules/.vite/deps/react-dom_client.js?v=e30240b8:3526:128)
    at enqueueConcurrentRenderForLane (http://localhost:3001/node_modules/.vite/deps/react-dom_client.js?v=e30240b8:3514:16)
    at forceStoreRerender (http://localhost:3001/node_modules/.vite/deps/react-dom_client.js?v=e30240b8:6104:21)
    at updateStoreInstance (http://localhost:3001/node_modules/.vite/deps/react-dom_client.js?v=e30240b8:6086:41)
    at Object.react_stack_bottom_frame (http://localhost:3001/node_modules/.vite/deps/react-dom_client.js?v=e30240b8:18567:20)
    at runWithFiberInDEV (http://localhost:3001/node_modules/.vite/deps/react-dom_client.js?v=e30240b8:997:72)
    at commitHookEffectListMount (http://localhost:3001/node_modules/.vite/deps/react-dom_client.js?v=e30240b8:9411:163)
    at commitHookPassiveMountEffects (http://localhost:3001/node_modules/.vite/deps/react-dom_client.js?v=e30240b8:9465:60)
    at commitPassiveMountOnFiber (http://localhost:3001/node_modules/.vite/deps/react-dom_client.js?v=e30240b8:11040:29)
    at recursivelyTraversePassiveMountEffects (http://localhost:3001/node_modules/.vite/deps/react-dom_client.js?v=e30240b8:11010:13)